******************************************************************************
                  TI ARM Linker PC v20.2.7                     
******************************************************************************
>> Linked Fri Sep 11 22:01:57 2026

OUTPUT FILE NAME:   <lab_2.out>
ENTRY POINT SYMBOL: "_c_int00_noargs"  address: 0000428d


MEMORY CONFIGURATION

         name            origin    length      used     unused   attr    fill
----------------------  --------  ---------  --------  --------  ----  --------
  FLASH                 00000000   00040000  0000473a  0003b8c6  R  X
  SRAM                  20000000   00008000  000012e5  00006d1b  RW X


SEGMENT ALLOCATION MAP

run origin  load origin   length   init length attrs members
----------  ----------- ---------- ----------- ----- -------
00000000    00000000    00004740   00004740    r-x
  00000000    00000000    0000026c   0000026c    r-- .intvecs
  0000026c    0000026c    00004304   00004304    r-x .text
  00004570    00004570    00000122   00000122    r-- .const
  00004698    00004698    000000a8   000000a8    r-- .cinit
20000000    20000000    000012e9   00000000    rw-
  20000000    20000000    0000026c   00000000    rw- .vtable
  20000270    20000270    00000800   00000000    rw- .stack
  20000a70    20000a70    00000400   00000000    rw- .sysmem
  20000e70    20000e70    0000026c   00000000    rw- .bss
  200010dc    200010dc    0000020d   00000000    rw- .data


SECTION ALLOCATION MAP

 output                                  attributes/
section   page    origin      length       input sections
--------  ----  ----------  ----------   ----------------
.intvecs   0    00000000    0000026c     
                  00000000    0000026c     tm4c123gh6pm_startup_ccs.obj (.intvecs)

.text      0    0000026c    00004304     
                  0000026c    00000c20     open_interface.obj (.text)
                  00000e8c    00000a4e     rtsv7M4_T_le_v4SPD16_eabi.lib : _printfi.c.obj (.text:__TI_printfi)
                  000018da    00000002                                   : _lock.c.obj (.text:_nop)
                  000018dc    00000360     movement.obj (.text)
                  00001c3c    00000328     lcd.obj (.text)
                  00001f64    00000270     rtsv7M4_T_le_v4SPD16_eabi.lib : _printfi.c.obj (.text:_pconv_a)
                  000021d4    00000248     Timer.obj (.text)
                  0000241c    000001d0     rtsv7M4_T_le_v4SPD16_eabi.lib : _printfi.c.obj (.text:_pconv_g)
                  000025ec    000001b6                                   : fd_add_t2.asm.obj (.text)
                  000027a2    00000002                                   : div0.asm.obj (.text)
                  000027a4    0000015c     libcybotUART.lib : uart.obj (.text)
                  00002900    0000013c     rtsv7M4_T_le_v4SPD16_eabi.lib : _printfi.c.obj (.text:_pconv_e)
                  00002a3c    00000136                                   : fd_div_t2.asm.obj (.text)
                  00002b72    00000002     --HOLE-- [fill = 0]
                  00002b74    00000124                                   : _printfi.c.obj (.text:fcvt)
                  00002c98    00000114                                   : fputs.c.obj (.text:fputs)
                  00002dac    00000110                                   : s_scalbn.c.obj (.text:scalbn)
                  00002ebc    00000100                                   : memory.c.obj (.text:aligned_alloc)
                  00002fbc    000000fc                                   : fd_mul_t2.asm.obj (.text)
                  000030b8    000000f0     main.obj (.text)
                  000031a8    000000e4     rtsv7M4_T_le_v4SPD16_eabi.lib : memory.c.obj (.text:free)
                  0000328c    000000dc                                   : setvbuf.c.obj (.text:setvbuf)
                  00003368    000000b1                                   : _printfi.c.obj (.text:_ltostr)
                  00003419    00000001     --HOLE-- [fill = 0]
                  0000341a    0000009c                                   : memcpy_t2.asm.obj (.text)
                  000034b6    00000096                                   : ull_div_t2.asm.obj (.text)
                  0000354c    0000008c                                   : fputc.c.obj (.text:fputc)
                  000035d8    00000086                                   : fd_cmp_t2.asm.obj (.text:__aeabi_cdcmple)
                  0000365e    00000086                                   : fd_cmp_t2.asm.obj (.text:__aeabi_cdrcmple)
                  000036e4    0000007a                                   : memset_t2.asm.obj (.text)
                  0000375e    00000002     --HOLE-- [fill = 0]
                  00003760    00000074                                   : fclose.c.obj (.text:__TI_closefile)
                  000037d4    00000070                                   : memory.c.obj (.text:split)
                  00003844    0000006e                                   : _printfi.c.obj (.text:_mcpy)
                  000038b2    0000006e                                   : fd_tos_t2.asm.obj (.text)
                  00003920    0000006c                                   : hostrename.c.obj (.text:HOSTrename)
                  0000398c    00000068                                   : hostlseek.c.obj (.text:HOSTlseek)
                  000039f4    00000068                                   : copy_decompress_lzss.c.obj (.text:decompress:lzss:__TI_decompress_lzss)
                  00003a5c    00000068                                   : printf.c.obj (.text:printf)
                  00003ac4    00000064                                   : s_frexp.c.obj (.text:frexp)
                  00003b28    00000064                                   : fseek.c.obj (.text:fseek)
                  00003b8c    00000062                                   : _io_perm.c.obj (.text:__TI_wrt_ok)
                  00003bee    00000002     --HOLE-- [fill = 0]
                  00003bf0    00000060                                   : hostopen.c.obj (.text:HOSTopen)
                  00003c50    0000005c                                   : close.c.obj (.text:close)
                  00003cac    00000058                                   : hostread.c.obj (.text:HOSTread)
                  00003d04    00000058                                   : hostwrite.c.obj (.text:HOSTwrite)
                  00003d5c    00000056                                   : _printfi.c.obj (.text:_pconv_f)
                  00003db2    00000054                                   : _ltoa.c.obj (.text:__TI_ltoa)
                  00003e06    00000052                                   : _printfi.c.obj (.text:_ecpy)
                  00003e58    0000004c                                   : fflush.c.obj (.text:__TI_doflush)
                  00003ea4    0000004c                                   : atoi.c.obj (.text:atoi)
                  00003ef0    00000048                                   : exit.c.obj (.text:exit)
                  00003f38    00000048                                   : fd_toi_t2.asm.obj (.text)
                  00003f80    00000044                                   : hostclose.c.obj (.text:HOSTclose)
                  00003fc4    00000044                                   : hostunlink.c.obj (.text:HOSTunlink)
                  00004008    00000044                                   : autoinit.c.obj (.text:__TI_auto_init_nobinit_nopinit:__TI_auto_init_nobinit_nopinit)
                  0000404c    00000044                                   : getdevice.c.obj (.text:getdevice)
                  00004090    00000040                                   : vsnprintf.c.obj (.text:vsnprintf)
                  000040d0    0000003e                                   : _printfi.c.obj (.text:_fcpy)
                  0000410e    00000002     --HOLE-- [fill = 0]
                  00004110    00000038                                   : trgmsg.c.obj (.text:__TI_writemsg)
                  00004148    00000038                                   : memory.c.obj (.text:calloc)
                  00004180    00000038                                   : fs_tod_t2.asm.obj (.text)
                  000041b8    00000036                                   : strncpy.c.obj (.text:strncpy)
                  000041ee    00000002     --HOLE-- [fill = 0]
                  000041f0    00000034     driverlib.lib : interrupt.obj (.text:IntRegister)
                  00004224    00000034     rtsv7M4_T_le_v4SPD16_eabi.lib : fopen.c.obj (.text:__TI_cleanup)
                  00004258    00000034                                   : trgmsg.c.obj (.text:__TI_readmsg)
                  0000428c    00000034                                   : boot_cortex_m.c.obj (.text:_c_int00_noargs:_c_int00_noargs)
                  000042c0    00000030                                   : vsnprintf.c.obj (.text:_outs)
                  000042f0    00000030                                   : getdevice.c.obj (.text:finddevice)
                  00004320    0000002e                                   : i_tofd_t2.asm.obj (.text)
                  0000434e    00000002     --HOLE-- [fill = 0]
                  00004350    0000002c                                   : unlink.c.obj (.text:unlink)
                  0000437c    00000028                                   : memory.c.obj (.text:free_list_insert)
                  000043a4    00000028                                   : lseek.c.obj (.text:lseek)
                  000043cc    00000028                                   : write.c.obj (.text:write)
                  000043f4    00000020                                   : memchr.c.obj (.text:memchr)
                  00004414    0000001c                                   : memory.c.obj (.text:free_list_remove)
                  00004430    0000001c                                   : memccpy.c.obj (.text:memccpy)
                  0000444c    0000001a                                   : s_copysign.c.obj (.text:copysign)
                  00004466    00000018                                   : vsnprintf.c.obj (.text:_outc)
                  0000447e    00000018     open_interface.obj (.text:oi_parseInt)
                  00004496    00000018     rtsv7M4_T_le_v4SPD16_eabi.lib : strcmp.c.obj (.text:strcmp)
                  000044ae    00000016                                   : strchr.c.obj (.text:strchr)
                  000044c4    00000014                                   : strcpy.c.obj (.text:strcpy)
                  000044d8    00000014                                   : strlen.c.obj (.text:strlen)
                  000044ec    00000012                                   : wcslen.c.obj (.text:wcslen)
                  000044fe    00000010     driverlib.lib : interrupt.obj (.text:IntMasterEnable)
                  0000450e    00000010     lcd.obj (.text:lcd_clear)
                  0000451e    0000000e     rtsv7M4_T_le_v4SPD16_eabi.lib : copy_decompress_none.c.obj (.text:decompress:none:__TI_decompress_none)
                  0000452c    0000000c     driverlib.lib : cpu.obj (.text:CPUcpsie)
                  00004538    0000000c     rtsv7M4_T_le_v4SPD16_eabi.lib : copy_zero_init.c.obj (.text:decompress:ZI:__TI_zero_init)
                  00004544    0000000c     tm4c123gh6pm_startup_ccs.obj (.text)
                  00004550    00000008     rtsv7M4_T_le_v4SPD16_eabi.lib : errno.c.obj (.text:__aeabi_errno_addr)
                  00004558    00000008                                   : memory.c.obj (.text:malloc)
                  00004560    00000004                                   : printf.c.obj (.text:_outc)
                  00004564    00000004                                   : printf.c.obj (.text:_outs)
                  00004568    00000004                                   : pre_init.c.obj (.text:_system_pre_init)
                  0000456c    00000004                                   : exit.c.obj (.text:abort:abort)

.const     0    00004570    00000122     
                  00004570    00000101     rtsv7M4_T_le_v4SPD16_eabi.lib : ctype.c.obj (.const:.string:_ctypes_)
                  00004671    0000000f     open_interface.obj (.const:.string:$P$T0$3)
                  00004680    0000000a     main.obj (.const:.string:$P$T0$1)
                  0000468a    00000004     lcd.obj (.const:.string:lineAddress$1)
                  0000468e    00000004     lcd.obj (.const:.string:lineAddresses$2)

.cinit     0    00004698    000000a8     
                  00004698    00000072     (.cinit..data.load) [load image, compression = lzss]
                  0000470a    00000002     --HOLE-- [fill = 0]
                  0000470c    0000000c     (__TI_handler_table)
                  00004718    00000008     (.cinit..bss.load) [load image, compression = zero_init]
                  00004720    00000008     (.cinit..vtable.load) [load image, compression = zero_init]
                  00004728    00000018     (__TI_cinit_table)

.init_array 
*          0    00000000    00000000     UNINITIALIZED

.vtable    0    20000000    0000026c     UNINITIALIZED
                  20000000    0000026c     driverlib.lib : interrupt.obj (.vtable)

.stack     0    20000270    00000800     UNINITIALIZED
                  20000270    00000004     rtsv7M4_T_le_v4SPD16_eabi.lib : boot_cortex_m.c.obj (.stack)
                  20000274    000007fc     --HOLE--

.sysmem    0    20000a70    00000400     UNINITIALIZED
                  20000a70    00000010     rtsv7M4_T_le_v4SPD16_eabi.lib : memory.c.obj (.sysmem)
                  20000a80    000003f0     --HOLE--

.bss       0    20000e70    0000026c     UNINITIALIZED
                  20000e70    00000120     rtsv7M4_T_le_v4SPD16_eabi.lib : trgmsg.c.obj (.bss:_CIOBUF_)
                  20000f90    000000a0     (.common:__TI_tmpnams)
                  20001030    00000054     lcd.obj (.bss:lastbuffer$3)
                  20001084    00000034     (.common:isr_char_buffer)
                  200010b8    00000018     open_interface.obj (.bss:firmware$2)
                  200010d0    00000008     (.common:parmbuf)
                  200010d8    00000004     (.common:_timeout_ticks)

.data      0    200010dc    0000020d     UNINITIALIZED
                  200010dc    000000f0     rtsv7M4_T_le_v4SPD16_eabi.lib : defs.c.obj (.data:_ftable)
                  200011cc    00000078                                   : host_device.c.obj (.data:_device)
                  20001244    00000050                                   : host_device.c.obj (.data:_stream)
                  20001294    00000020     open_interface.obj (.data)
                  200012b4    00000010     rtsv7M4_T_le_v4SPD16_eabi.lib : defs.c.obj (.data)
                  200012c4    0000000c                                   : exit.c.obj (.data:$O1$$)
                  200012d0    00000008                                   : _lock.c.obj (.data:$O1$$)
                  200012d8    00000008                                   : memory.c.obj (.data:$O1$$)
                  200012e0    00000004     libcybotUART.lib : uart.obj (.data)
                  200012e4    00000004     rtsv7M4_T_le_v4SPD16_eabi.lib : errno.c.obj (.data)
                  200012e8    00000001     Timer.obj (.data)

__llvm_prf_cnts 
*          0    20000000    00000000     UNINITIALIZED

MODULE SUMMARY

       Module                         code    ro data   rw data
       ------                         ----    -------   -------
    .\
       open_interface.obj             3128    15        56     
       lcd.obj                        824     8         84     
       movement.obj                   864     0         0      
       tm4c123gh6pm_startup_ccs.obj   12      620       0      
       Timer.obj                      584     0         5      
       main.obj                       240     10        0      
    +--+------------------------------+-------+---------+---------+
       Total:                         5652    653       145    
                                                               
    ../libcybotUART.lib
       uart.obj                       348     0         56     
    +--+------------------------------+-------+---------+---------+
       Total:                         348     0         56     
                                                               
    C:/ti/TivaWare_C_Series-2.2.0.295/driverlib/ccs/Debug/driverlib.lib
       interrupt.obj                  68      0         620    
       cpu.obj                        12      0         0      
    +--+------------------------------+-------+---------+---------+
       Total:                         80      0         620    
                                                               
    C:\ti\ccs1271\ccs\tools\compiler\ti-cgt-arm_20.2.7.LTS\lib\rtsv7M4_T_le_v4SPD16_eabi.lib
       _printfi.c.obj                 4851    0         0      
       memory.c.obj                   728     0         8      
       fd_add_t2.asm.obj              438     0         0      
       defs.c.obj                     0       0         416    
       trgmsg.c.obj                   108     0         288    
       fd_div_t2.asm.obj              310     0         0      
       fputs.c.obj                    276     0         0      
       s_scalbn.c.obj                 272     0         0      
       fd_cmp_t2.asm.obj              268     0         0      
       ctype.c.obj                    0       257       0      
       fd_mul_t2.asm.obj              252     0         0      
       setvbuf.c.obj                  220     0         0      
       host_device.c.obj              0       0         200    
       memcpy_t2.asm.obj              156     0         0      
       ull_div_t2.asm.obj             150     0         0      
       fputc.c.obj                    140     0         0      
       vsnprintf.c.obj                136     0         0      
       memset_t2.asm.obj              122     0         0      
       fclose.c.obj                   116     0         0      
       getdevice.c.obj                116     0         0      
       printf.c.obj                   112     0         0      
       fd_tos_t2.asm.obj              110     0         0      
       hostrename.c.obj               108     0         0      
       copy_decompress_lzss.c.obj     104     0         0      
       hostlseek.c.obj                104     0         0      
       hostopen.c.obj                 96      0         8      
       fseek.c.obj                    100     0         0      
       s_frexp.c.obj                  100     0         0      
       _io_perm.c.obj                 98      0         0      
       close.c.obj                    92      0         0      
       exit.c.obj                     76      0         12     
       hostread.c.obj                 88      0         0      
       hostwrite.c.obj                88      0         0      
       _ltoa.c.obj                    84      0         0      
       atoi.c.obj                     76      0         0      
       fflush.c.obj                   76      0         0      
       fd_toi_t2.asm.obj              72      0         0      
       autoinit.c.obj                 68      0         0      
       hostclose.c.obj                68      0         0      
       hostunlink.c.obj               68      0         0      
       fs_tod_t2.asm.obj              56      0         0      
       strncpy.c.obj                  54      0         0      
       boot_cortex_m.c.obj            52      0         0      
       fopen.c.obj                    52      0         0      
       i_tofd_t2.asm.obj              46      0         0      
       unlink.c.obj                   44      0         0      
       lseek.c.obj                    40      0         0      
       write.c.obj                    40      0         0      
       memchr.c.obj                   32      0         0      
       memccpy.c.obj                  28      0         0      
       s_copysign.c.obj               26      0         0      
       strcmp.c.obj                   24      0         0      
       strchr.c.obj                   22      0         0      
       strcpy.c.obj                   20      0         0      
       strlen.c.obj                   20      0         0      
       wcslen.c.obj                   18      0         0      
       copy_decompress_none.c.obj     14      0         0      
       copy_zero_init.c.obj           12      0         0      
       errno.c.obj                    8       0         4      
       _lock.c.obj                    2       0         8      
       pre_init.c.obj                 4       0         0      
       div0.asm.obj                   2       0         0      
    +--+------------------------------+-------+---------+---------+
       Total:                         11063   257       944    
                                                               
       Heap:                          0       0         1024   
       Stack:                         0       0         2048   
       Linker Generated:              0       166       0      
    +--+------------------------------+-------+---------+---------+
       Grand Total:                   17143   1076      4837   


LINKER GENERATED COPY TABLES

__TI_cinit_table @ 00004728 records: 3, size/record: 8, table size: 24
	.data: load addr=00004698, load size=00000072 bytes, run addr=200010dc, run size=0000020d bytes, compression=lzss
	.bss: load addr=00004718, load size=00000008 bytes, run addr=20000e70, run size=0000026c bytes, compression=zero_init
	.vtable: load addr=00004720, load size=00000008 bytes, run addr=20000000, run size=0000026c bytes, compression=zero_init


LINKER GENERATED HANDLER TABLE

__TI_handler_table @ 0000470c records: 3, size/record: 4, table size: 12
	index: 0, handler: __TI_zero_init
	index: 1, handler: __TI_decompress_lzss
	index: 2, handler: __TI_decompress_none


GLOBAL SYMBOLS: SORTED ALPHABETICALLY BY Name 

address   name                           
-------   ----                           
0000456d  C$$EXIT                        
0000413f  C$$IO$$                        
0000452d  CPUcpsie                       
00000bc3  GPIOF_Handler                  
00003f81  HOSTclose                      
0000398d  HOSTlseek                      
00003bf1  HOSTopen                       
00003cad  HOSTread                       
00003921  HOSTrename                     
00003fc5  HOSTunlink                     
00003d05  HOSTwrite                      
000044ff  IntMasterEnable                
000041f1  IntRegister                    
00004545  ResetISR                       
20000e70  __CIOBUF_                      
20000a70  __STACK_END                    
00000800  __STACK_SIZE                   
20000470  __STACK_TOP                    
00000400  __SYSMEM_SIZE                  
00004728  __TI_CINIT_Base                
00004740  __TI_CINIT_Limit               
0000470c  __TI_Handler_Table_Base        
00004718  __TI_Handler_Table_Limit       
00004009  __TI_auto_init_nobinit_nopinit 
00004225  __TI_cleanup                   
200012c4  __TI_cleanup_ptr               
00003761  __TI_closefile                 
000039f5  __TI_decompress_lzss           
0000451f  __TI_decompress_none           
00003e59  __TI_doflush                   
200012c8  __TI_dtors_ptr                 
200012cc  __TI_enable_exit_profile_output
200012b4  __TI_ft_end                    
00003db3  __TI_ltoa                      
ffffffff  __TI_pprof_out_hndl            
00000e8d  __TI_printfi                   
ffffffff  __TI_prof_data_size            
ffffffff  __TI_prof_data_start           
00004259  __TI_readmsg                   
00000000  __TI_static_base__             
20000f90  __TI_tmpnams                   
00004111  __TI_writemsg                  
00003b8d  __TI_wrt_ok                    
00004539  __TI_zero_init                 
000035d9  __aeabi_cdcmpeq                
000035d9  __aeabi_cdcmple                
0000365f  __aeabi_cdrcmple               
000038b3  __aeabi_d2f                    
00003f39  __aeabi_d2iz                   
000025f7  __aeabi_dadd                   
00002a3d  __aeabi_ddiv                   
00002fbd  __aeabi_dmul                   
000025ed  __aeabi_dsub                   
00004551  __aeabi_errno_addr             
00004181  __aeabi_f2d                    
00004321  __aeabi_i2d                    
000027a3  __aeabi_idiv0                  
000027a3  __aeabi_ldiv0                  
000036e5  __aeabi_memclr                 
000036e5  __aeabi_memclr4                
000036e5  __aeabi_memclr8                
0000341b  __aeabi_memcpy                 
0000341b  __aeabi_memcpy4                
0000341b  __aeabi_memcpy8                
000036e7  __aeabi_memset                 
000036e7  __aeabi_memset4                
000036e7  __aeabi_memset8                
200012c0  __aeabi_stderr                 
200012b8  __aeabi_stdin                  
200012bc  __aeabi_stdout                 
000034b7  __aeabi_uldivmod               
ffffffff  __binit__                      
ffffffff  __c_args__                     
UNDEFED   __mpu_init                     
20000270  __stack                        
20000000  __start___llvm_prf_cnts        
20000000  __stop___llvm_prf_cnts         
0000428d  _c_int00_noargs                
00004570  _ctypes_                       
200011cc  _device                        
200010dc  _ftable                        
200012d0  _lock                          
000018db  _nop                           
200012e8  _running                       
20001244  _stream                        
20000a70  _sys_memory                    
UNDEFED   _system_post_cinit             
00004569  _system_pre_init               
200010d8  _timeout_ticks                 
200012d4  _unlock                        
0000456d  abort                          
00002ebd  aligned_alloc                  
00003ea5  atoi                           
ffffffff  binit                          
00004149  calloc                         
00001a51  checkBump                      
00003c51  close                          
0000444d  copysign                       
0000444d  copysignl                      
000028ad  cyBot_UART1_Handler            
00002893  cyBot_getByte                  
000027a5  cyBot_sendByte                 
00002875  cyBot_uart_flush               
000027e3  cyBot_uart_init                
000027cb  cyBot_uart_sendBuffer          
000027b1  cyBot_uart_sendStr             
200012e4  errno                          
00003ef1  exit                           
000042f1  finddevice                     
0000354d  fputc                          
00002c99  fputs                          
000031a9  free                           
00003ac5  frexp                          
00003ac5  frexpl                         
00003b29  fseek                          
20000000  g_pfnRAMVectors                
00000000  g_pfnVectors                   
0000404d  getdevice                      
0000097f  go_charge                      
00001a79  handleBump                     
20001084  isr_char_buffer                
200012e0  isr_counter                    
0000450f  lcd_clear                      
00001e11  lcd_gotoLine                   
00001c79  lcd_init                       
00001e77  lcd_printf                     
00001d39  lcd_putc                       
00001d71  lcd_puts                       
00001c3d  lcd_reverseNibble              
00001d8f  lcd_sendCommand                
00001dcd  lcd_sendNibble                 
00001e39  lcd_setCursorPos               
00002dad  ldexp                          
00002dad  ldexpl                         
000043a5  lseek                          
000030b9  main                           
00004559  malloc                         
00002ebd  memalign                       
00004431  memccpy                        
000043f5  memchr                         
0000341b  memcpy                         
000036ed  memset                         
20001294  motor_cal_factor_L             
20001298  motor_cal_factor_R             
000018dd  moveForward                    
00001981  moveForwardWithBump            
0000026d  oi_alloc                       
00000aa9  oi_checkFirmware               
000002c7  oi_close                       
00000279  oi_free                        
00000ded  oi_getMotorCalibrationLeft     
00000e01  oi_getMotorCalibrationRight    
000002b1  oi_init                        
00000289  oi_init_noupdate               
00000915  oi_loadSong                    
0000447f  oi_parseInt                    
0000032b  oi_parsePacket                 
0000096b  oi_play_song                   
0000084b  oi_setLeds                     
00000db1  oi_setMotorCalibration         
0000088f  oi_setWheels                   
00000b51  oi_shutoff_init                
0000098d  oi_uartInit                    
00000a31  oi_uartReceive                 
00000a77  oi_uartSendBuff                
00000a15  oi_uartSendChar                
00000a59  oi_uartSendStr                 
000002d9  oi_update                      
200010d0  parmbuf                        
00003a5d  printf                         
0000354d  putc                           
00004351  remove                         
00002dad  scalbn                         
00002dad  scalbnl                        
0000328d  setvbuf                        
000044af  strchr                         
00004497  strcmp                         
000044c5  strcpy                         
000044d9  strlen                         
000041b9  strncpy                        
000022f3  timer_getMicros                
0000229b  timer_getMillis                
000021d5  timer_init                     
00002277  timer_pause                    
00002289  timer_resume                   
0000224d  timer_stop                     
0000234d  timer_waitMicros               
0000237f  timer_waitMillis               
00001b59  turnToAngle                    
00004351  unlink                         
00004091  vsnprintf                      
000044ed  wcslen                         
000043cd  write                          


GLOBAL SYMBOLS: SORTED BY Symbol Address 

address   name                           
-------   ----                           
00000000  __TI_static_base__             
00000000  g_pfnVectors                   
0000026d  oi_alloc                       
00000279  oi_free                        
00000289  oi_init_noupdate               
000002b1  oi_init                        
000002c7  oi_close                       
000002d9  oi_update                      
0000032b  oi_parsePacket                 
00000400  __SYSMEM_SIZE                  
00000800  __STACK_SIZE                   
0000084b  oi_setLeds                     
0000088f  oi_setWheels                   
00000915  oi_loadSong                    
0000096b  oi_play_song                   
0000097f  go_charge                      
0000098d  oi_uartInit                    
00000a15  oi_uartSendChar                
00000a31  oi_uartReceive                 
00000a59  oi_uartSendStr                 
00000a77  oi_uartSendBuff                
00000aa9  oi_checkFirmware               
00000b51  oi_shutoff_init                
00000bc3  GPIOF_Handler                  
00000db1  oi_setMotorCalibration         
00000ded  oi_getMotorCalibrationLeft     
00000e01  oi_getMotorCalibrationRight    
00000e8d  __TI_printfi                   
000018db  _nop                           
000018dd  moveForward                    
00001981  moveForwardWithBump            
00001a51  checkBump                      
00001a79  handleBump                     
00001b59  turnToAngle                    
00001c3d  lcd_reverseNibble              
00001c79  lcd_init                       
00001d39  lcd_putc                       
00001d71  lcd_puts                       
00001d8f  lcd_sendCommand                
00001dcd  lcd_sendNibble                 
00001e11  lcd_gotoLine                   
00001e39  lcd_setCursorPos               
00001e77  lcd_printf                     
000021d5  timer_init                     
0000224d  timer_stop                     
00002277  timer_pause                    
00002289  timer_resume                   
0000229b  timer_getMillis                
000022f3  timer_getMicros                
0000234d  timer_waitMicros               
0000237f  timer_waitMillis               
000025ed  __aeabi_dsub                   
000025f7  __aeabi_dadd                   
000027a3  __aeabi_idiv0                  
000027a3  __aeabi_ldiv0                  
000027a5  cyBot_sendByte                 
000027b1  cyBot_uart_sendStr             
000027cb  cyBot_uart_sendBuffer          
000027e3  cyBot_uart_init                
00002875  cyBot_uart_flush               
00002893  cyBot_getByte                  
000028ad  cyBot_UART1_Handler            
00002a3d  __aeabi_ddiv                   
00002c99  fputs                          
00002dad  ldexp                          
00002dad  ldexpl                         
00002dad  scalbn                         
00002dad  scalbnl                        
00002ebd  aligned_alloc                  
00002ebd  memalign                       
00002fbd  __aeabi_dmul                   
000030b9  main                           
000031a9  free                           
0000328d  setvbuf                        
0000341b  __aeabi_memcpy                 
0000341b  __aeabi_memcpy4                
0000341b  __aeabi_memcpy8                
0000341b  memcpy                         
000034b7  __aeabi_uldivmod               
0000354d  fputc                          
0000354d  putc                           
000035d9  __aeabi_cdcmpeq                
000035d9  __aeabi_cdcmple                
0000365f  __aeabi_cdrcmple               
000036e5  __aeabi_memclr                 
000036e5  __aeabi_memclr4                
000036e5  __aeabi_memclr8                
000036e7  __aeabi_memset                 
000036e7  __aeabi_memset4                
000036e7  __aeabi_memset8                
000036ed  memset                         
00003761  __TI_closefile                 
000038b3  __aeabi_d2f                    
00003921  HOSTrename                     
0000398d  HOSTlseek                      
000039f5  __TI_decompress_lzss           
00003a5d  printf                         
00003ac5  frexp                          
00003ac5  frexpl                         
00003b29  fseek                          
00003b8d  __TI_wrt_ok                    
00003bf1  HOSTopen                       
00003c51  close                          
00003cad  HOSTread                       
00003d05  HOSTwrite                      
00003db3  __TI_ltoa                      
00003e59  __TI_doflush                   
00003ea5  atoi                           
00003ef1  exit                           
00003f39  __aeabi_d2iz                   
00003f81  HOSTclose                      
00003fc5  HOSTunlink                     
00004009  __TI_auto_init_nobinit_nopinit 
0000404d  getdevice                      
00004091  vsnprintf                      
00004111  __TI_writemsg                  
0000413f  C$$IO$$                        
00004149  calloc                         
00004181  __aeabi_f2d                    
000041b9  strncpy                        
000041f1  IntRegister                    
00004225  __TI_cleanup                   
00004259  __TI_readmsg                   
0000428d  _c_int00_noargs                
000042f1  finddevice                     
00004321  __aeabi_i2d                    
00004351  remove                         
00004351  unlink                         
000043a5  lseek                          
000043cd  write                          
000043f5  memchr                         
00004431  memccpy                        
0000444d  copysign                       
0000444d  copysignl                      
0000447f  oi_parseInt                    
00004497  strcmp                         
000044af  strchr                         
000044c5  strcpy                         
000044d9  strlen                         
000044ed  wcslen                         
000044ff  IntMasterEnable                
0000450f  lcd_clear                      
0000451f  __TI_decompress_none           
0000452d  CPUcpsie                       
00004539  __TI_zero_init                 
00004545  ResetISR                       
00004551  __aeabi_errno_addr             
00004559  malloc                         
00004569  _system_pre_init               
0000456d  C$$EXIT                        
0000456d  abort                          
00004570  _ctypes_                       
0000470c  __TI_Handler_Table_Base        
00004718  __TI_Handler_Table_Limit       
00004728  __TI_CINIT_Base                
00004740  __TI_CINIT_Limit               
20000000  __start___llvm_prf_cnts        
20000000  __stop___llvm_prf_cnts         
20000000  g_pfnRAMVectors                
20000270  __stack                        
20000470  __STACK_TOP                    
20000a70  __STACK_END                    
20000a70  _sys_memory                    
20000e70  __CIOBUF_                      
20000f90  __TI_tmpnams                   
20001084  isr_char_buffer                
200010d0  parmbuf                        
200010d8  _timeout_ticks                 
200010dc  _ftable                        
200011cc  _device                        
20001244  _stream                        
20001294  motor_cal_factor_L             
20001298  motor_cal_factor_R             
200012b4  __TI_ft_end                    
200012b8  __aeabi_stdin                  
200012bc  __aeabi_stdout                 
200012c0  __aeabi_stderr                 
200012c4  __TI_cleanup_ptr               
200012c8  __TI_dtors_ptr                 
200012cc  __TI_enable_exit_profile_output
200012d0  _lock                          
200012d4  _unlock                        
200012e0  isr_counter                    
200012e4  errno                          
200012e8  _running                       
ffffffff  __TI_pprof_out_hndl            
ffffffff  __TI_prof_data_size            
ffffffff  __TI_prof_data_start           
ffffffff  __binit__                      
ffffffff  __c_args__                     
ffffffff  binit                          
UNDEFED   __mpu_init                     
UNDEFED   _system_post_cinit             

[193 symbols]
