<?xml version="1.0" encoding="ISO-8859-1" ?>
<link_info>
   <banner>TI ARM Linker PC v20.2.7.LTS</banner>
   <copyright>Copyright (c) 1996-2018 Texas Instruments Incorporated</copyright>
   <link_time>0x6aa4c0a5</link_time>
   <link_errors>0x0</link_errors>
   <output_file>lab_2.out</output_file>
   <entry_point>
      <name>_c_int00_noargs</name>
      <address>0x428d</address>
   </entry_point>
   <input_file_list>
      <input_file id="fl-2">
         <path>.\</path>
         <kind>object</kind>
         <file>Timer.obj</file>
         <name>Timer.obj</name>
      </input_file>
      <input_file id="fl-3">
         <path>.\</path>
         <kind>object</kind>
         <file>lcd.obj</file>
         <name>lcd.obj</name>
      </input_file>
      <input_file id="fl-4">
         <path>.\</path>
         <kind>object</kind>
         <file>main.obj</file>
         <name>main.obj</name>
      </input_file>
      <input_file id="fl-5">
         <path>.\</path>
         <kind>object</kind>
         <file>movement.obj</file>
         <name>movement.obj</name>
      </input_file>
      <input_file id="fl-6">
         <path>.\</path>
         <kind>object</kind>
         <file>open_interface.obj</file>
         <name>open_interface.obj</name>
      </input_file>
      <input_file id="fl-7">
         <path>.\</path>
         <kind>object</kind>
         <file>tm4c123gh6pm_startup_ccs.obj</file>
         <name>tm4c123gh6pm_startup_ccs.obj</name>
      </input_file>
      <input_file id="fl-d">
         <kind>object</kind>
         <file>&lt;internal&gt;</file>
         <name>&lt;internal&gt;</name>
      </input_file>
      <input_file id="fl-e">
         <path>..\</path>
         <kind>archive</kind>
         <file>libcybotUART.lib</file>
         <name>uart.obj</name>
      </input_file>
      <input_file id="fl-c4">
         <path>C:\ti\ccs1271\ccs\tools\compiler\ti-cgt-arm_20.2.7.LTS\lib\</path>
         <kind>archive</kind>
         <file>rtsv7M4_T_le_v4SPD16_eabi.lib</file>
         <name>printf.c.obj</name>
      </input_file>
      <input_file id="fl-c5">
         <path>C:\ti\ccs1271\ccs\tools\compiler\ti-cgt-arm_20.2.7.LTS\lib\</path>
         <kind>archive</kind>
         <file>rtsv7M4_T_le_v4SPD16_eabi.lib</file>
         <name>_printfi.c.obj</name>
      </input_file>
      <input_file id="fl-c6">
         <path>C:\ti\ccs1271\ccs\tools\compiler\ti-cgt-arm_20.2.7.LTS\lib\</path>
         <kind>archive</kind>
         <file>rtsv7M4_T_le_v4SPD16_eabi.lib</file>
         <name>vsnprintf.c.obj</name>
      </input_file>
      <input_file id="fl-c7">
         <path>C:\ti\ccs1271\ccs\tools\compiler\ti-cgt-arm_20.2.7.LTS\lib\</path>
         <kind>archive</kind>
         <file>rtsv7M4_T_le_v4SPD16_eabi.lib</file>
         <name>fputc.c.obj</name>
      </input_file>
      <input_file id="fl-c8">
         <path>C:\ti\ccs1271\ccs\tools\compiler\ti-cgt-arm_20.2.7.LTS\lib\</path>
         <kind>archive</kind>
         <file>rtsv7M4_T_le_v4SPD16_eabi.lib</file>
         <name>fputs.c.obj</name>
      </input_file>
      <input_file id="fl-c9">
         <path>C:\ti\ccs1271\ccs\tools\compiler\ti-cgt-arm_20.2.7.LTS\lib\</path>
         <kind>archive</kind>
         <file>rtsv7M4_T_le_v4SPD16_eabi.lib</file>
         <name>_io_perm.c.obj</name>
      </input_file>
      <input_file id="fl-ca">
         <path>C:\ti\ccs1271\ccs\tools\compiler\ti-cgt-arm_20.2.7.LTS\lib\</path>
         <kind>archive</kind>
         <file>rtsv7M4_T_le_v4SPD16_eabi.lib</file>
         <name>setvbuf.c.obj</name>
      </input_file>
      <input_file id="fl-cb">
         <path>C:\ti\ccs1271\ccs\tools\compiler\ti-cgt-arm_20.2.7.LTS\lib\</path>
         <kind>archive</kind>
         <file>rtsv7M4_T_le_v4SPD16_eabi.lib</file>
         <name>fd_add_t2.asm.obj</name>
      </input_file>
      <input_file id="fl-cc">
         <path>C:\ti\ccs1271\ccs\tools\compiler\ti-cgt-arm_20.2.7.LTS\lib\</path>
         <kind>archive</kind>
         <file>rtsv7M4_T_le_v4SPD16_eabi.lib</file>
         <name>fd_cmp_t2.asm.obj</name>
      </input_file>
      <input_file id="fl-cd">
         <path>C:\ti\ccs1271\ccs\tools\compiler\ti-cgt-arm_20.2.7.LTS\lib\</path>
         <kind>archive</kind>
         <file>rtsv7M4_T_le_v4SPD16_eabi.lib</file>
         <name>fd_div_t2.asm.obj</name>
      </input_file>
      <input_file id="fl-ce">
         <path>C:\ti\ccs1271\ccs\tools\compiler\ti-cgt-arm_20.2.7.LTS\lib\</path>
         <kind>archive</kind>
         <file>rtsv7M4_T_le_v4SPD16_eabi.lib</file>
         <name>fd_mul_t2.asm.obj</name>
      </input_file>
      <input_file id="fl-cf">
         <path>C:\ti\ccs1271\ccs\tools\compiler\ti-cgt-arm_20.2.7.LTS\lib\</path>
         <kind>archive</kind>
         <file>rtsv7M4_T_le_v4SPD16_eabi.lib</file>
         <name>fd_toi_t2.asm.obj</name>
      </input_file>
      <input_file id="fl-d0">
         <path>C:\ti\ccs1271\ccs\tools\compiler\ti-cgt-arm_20.2.7.LTS\lib\</path>
         <kind>archive</kind>
         <file>rtsv7M4_T_le_v4SPD16_eabi.lib</file>
         <name>fd_tos_t2.asm.obj</name>
      </input_file>
      <input_file id="fl-d1">
         <path>C:\ti\ccs1271\ccs\tools\compiler\ti-cgt-arm_20.2.7.LTS\lib\</path>
         <kind>archive</kind>
         <file>rtsv7M4_T_le_v4SPD16_eabi.lib</file>
         <name>fs_tod_t2.asm.obj</name>
      </input_file>
      <input_file id="fl-d2">
         <path>C:\ti\ccs1271\ccs\tools\compiler\ti-cgt-arm_20.2.7.LTS\lib\</path>
         <kind>archive</kind>
         <file>rtsv7M4_T_le_v4SPD16_eabi.lib</file>
         <name>i_tofd_t2.asm.obj</name>
      </input_file>
      <input_file id="fl-d3">
         <path>C:\ti\ccs1271\ccs\tools\compiler\ti-cgt-arm_20.2.7.LTS\lib\</path>
         <kind>archive</kind>
         <file>rtsv7M4_T_le_v4SPD16_eabi.lib</file>
         <name>memcpy_t2.asm.obj</name>
      </input_file>
      <input_file id="fl-d4">
         <path>C:\ti\ccs1271\ccs\tools\compiler\ti-cgt-arm_20.2.7.LTS\lib\</path>
         <kind>archive</kind>
         <file>rtsv7M4_T_le_v4SPD16_eabi.lib</file>
         <name>memset_t2.asm.obj</name>
      </input_file>
      <input_file id="fl-d5">
         <path>C:\ti\ccs1271\ccs\tools\compiler\ti-cgt-arm_20.2.7.LTS\lib\</path>
         <kind>archive</kind>
         <file>rtsv7M4_T_le_v4SPD16_eabi.lib</file>
         <name>ull_div_t2.asm.obj</name>
      </input_file>
      <input_file id="fl-d6">
         <path>C:\ti\ccs1271\ccs\tools\compiler\ti-cgt-arm_20.2.7.LTS\lib\</path>
         <kind>archive</kind>
         <file>rtsv7M4_T_le_v4SPD16_eabi.lib</file>
         <name>copy_zero_init.c.obj</name>
      </input_file>
      <input_file id="fl-d7">
         <path>C:\ti\ccs1271\ccs\tools\compiler\ti-cgt-arm_20.2.7.LTS\lib\</path>
         <kind>archive</kind>
         <file>rtsv7M4_T_le_v4SPD16_eabi.lib</file>
         <name>copy_decompress_none.c.obj</name>
      </input_file>
      <input_file id="fl-d8">
         <path>C:\ti\ccs1271\ccs\tools\compiler\ti-cgt-arm_20.2.7.LTS\lib\</path>
         <kind>archive</kind>
         <file>rtsv7M4_T_le_v4SPD16_eabi.lib</file>
         <name>copy_decompress_lzss.c.obj</name>
      </input_file>
      <input_file id="fl-d9">
         <path>C:\ti\ccs1271\ccs\tools\compiler\ti-cgt-arm_20.2.7.LTS\lib\</path>
         <kind>archive</kind>
         <file>rtsv7M4_T_le_v4SPD16_eabi.lib</file>
         <name>exit.c.obj</name>
      </input_file>
      <input_file id="fl-da">
         <path>C:\ti\ccs1271\ccs\tools\compiler\ti-cgt-arm_20.2.7.LTS\lib\</path>
         <kind>archive</kind>
         <file>rtsv7M4_T_le_v4SPD16_eabi.lib</file>
         <name>_lock.c.obj</name>
      </input_file>
      <input_file id="fl-db">
         <path>C:\ti\ccs1271\ccs\tools\compiler\ti-cgt-arm_20.2.7.LTS\lib\</path>
         <kind>archive</kind>
         <file>rtsv7M4_T_le_v4SPD16_eabi.lib</file>
         <name>_ltoa.c.obj</name>
      </input_file>
      <input_file id="fl-dc">
         <path>C:\ti\ccs1271\ccs\tools\compiler\ti-cgt-arm_20.2.7.LTS\lib\</path>
         <kind>archive</kind>
         <file>rtsv7M4_T_le_v4SPD16_eabi.lib</file>
         <name>atoi.c.obj</name>
      </input_file>
      <input_file id="fl-dd">
         <path>C:\ti\ccs1271\ccs\tools\compiler\ti-cgt-arm_20.2.7.LTS\lib\</path>
         <kind>archive</kind>
         <file>rtsv7M4_T_le_v4SPD16_eabi.lib</file>
         <name>ctype.c.obj</name>
      </input_file>
      <input_file id="fl-de">
         <path>C:\ti\ccs1271\ccs\tools\compiler\ti-cgt-arm_20.2.7.LTS\lib\</path>
         <kind>archive</kind>
         <file>rtsv7M4_T_le_v4SPD16_eabi.lib</file>
         <name>defs.c.obj</name>
      </input_file>
      <input_file id="fl-df">
         <path>C:\ti\ccs1271\ccs\tools\compiler\ti-cgt-arm_20.2.7.LTS\lib\</path>
         <kind>archive</kind>
         <file>rtsv7M4_T_le_v4SPD16_eabi.lib</file>
         <name>memccpy.c.obj</name>
      </input_file>
      <input_file id="fl-e0">
         <path>C:\ti\ccs1271\ccs\tools\compiler\ti-cgt-arm_20.2.7.LTS\lib\</path>
         <kind>archive</kind>
         <file>rtsv7M4_T_le_v4SPD16_eabi.lib</file>
         <name>memchr.c.obj</name>
      </input_file>
      <input_file id="fl-e1">
         <path>C:\ti\ccs1271\ccs\tools\compiler\ti-cgt-arm_20.2.7.LTS\lib\</path>
         <kind>archive</kind>
         <file>rtsv7M4_T_le_v4SPD16_eabi.lib</file>
         <name>memory.c.obj</name>
      </input_file>
      <input_file id="fl-e2">
         <path>C:\ti\ccs1271\ccs\tools\compiler\ti-cgt-arm_20.2.7.LTS\lib\</path>
         <kind>archive</kind>
         <file>rtsv7M4_T_le_v4SPD16_eabi.lib</file>
         <name>strchr.c.obj</name>
      </input_file>
      <input_file id="fl-e3">
         <path>C:\ti\ccs1271\ccs\tools\compiler\ti-cgt-arm_20.2.7.LTS\lib\</path>
         <kind>archive</kind>
         <file>rtsv7M4_T_le_v4SPD16_eabi.lib</file>
         <name>strcmp.c.obj</name>
      </input_file>
      <input_file id="fl-e4">
         <path>C:\ti\ccs1271\ccs\tools\compiler\ti-cgt-arm_20.2.7.LTS\lib\</path>
         <kind>archive</kind>
         <file>rtsv7M4_T_le_v4SPD16_eabi.lib</file>
         <name>strcpy.c.obj</name>
      </input_file>
      <input_file id="fl-e5">
         <path>C:\ti\ccs1271\ccs\tools\compiler\ti-cgt-arm_20.2.7.LTS\lib\</path>
         <kind>archive</kind>
         <file>rtsv7M4_T_le_v4SPD16_eabi.lib</file>
         <name>strlen.c.obj</name>
      </input_file>
      <input_file id="fl-e6">
         <path>C:\ti\ccs1271\ccs\tools\compiler\ti-cgt-arm_20.2.7.LTS\lib\</path>
         <kind>archive</kind>
         <file>rtsv7M4_T_le_v4SPD16_eabi.lib</file>
         <name>boot_cortex_m.c.obj</name>
      </input_file>
      <input_file id="fl-e7">
         <path>C:\ti\ccs1271\ccs\tools\compiler\ti-cgt-arm_20.2.7.LTS\lib\</path>
         <kind>archive</kind>
         <file>rtsv7M4_T_le_v4SPD16_eabi.lib</file>
         <name>write.c.obj</name>
      </input_file>
      <input_file id="fl-e8">
         <path>C:\ti\ccs1271\ccs\tools\compiler\ti-cgt-arm_20.2.7.LTS\lib\</path>
         <kind>archive</kind>
         <file>rtsv7M4_T_le_v4SPD16_eabi.lib</file>
         <name>host_device.c.obj</name>
      </input_file>
      <input_file id="fl-e9">
         <path>C:\ti\ccs1271\ccs\tools\compiler\ti-cgt-arm_20.2.7.LTS\lib\</path>
         <kind>archive</kind>
         <file>rtsv7M4_T_le_v4SPD16_eabi.lib</file>
         <name>errno.c.obj</name>
      </input_file>
      <input_file id="fl-ea">
         <path>C:\ti\ccs1271\ccs\tools\compiler\ti-cgt-arm_20.2.7.LTS\lib\</path>
         <kind>archive</kind>
         <file>rtsv7M4_T_le_v4SPD16_eabi.lib</file>
         <name>wcslen.c.obj</name>
      </input_file>
      <input_file id="fl-eb">
         <path>C:\ti\ccs1271\ccs\tools\compiler\ti-cgt-arm_20.2.7.LTS\lib\</path>
         <kind>archive</kind>
         <file>rtsv7M4_T_le_v4SPD16_eabi.lib</file>
         <name>s_frexp.c.obj</name>
      </input_file>
      <input_file id="fl-ec">
         <path>C:\ti\ccs1271\ccs\tools\compiler\ti-cgt-arm_20.2.7.LTS\lib\</path>
         <kind>archive</kind>
         <file>rtsv7M4_T_le_v4SPD16_eabi.lib</file>
         <name>s_scalbn.c.obj</name>
      </input_file>
      <input_file id="fl-ed">
         <path>C:\ti\ccs1271\ccs\tools\compiler\ti-cgt-arm_20.2.7.LTS\lib\</path>
         <kind>archive</kind>
         <file>rtsv7M4_T_le_v4SPD16_eabi.lib</file>
         <name>fflush.c.obj</name>
      </input_file>
      <input_file id="fl-ee">
         <path>C:\ti\ccs1271\ccs\tools\compiler\ti-cgt-arm_20.2.7.LTS\lib\</path>
         <kind>archive</kind>
         <file>rtsv7M4_T_le_v4SPD16_eabi.lib</file>
         <name>fopen.c.obj</name>
      </input_file>
      <input_file id="fl-ef">
         <path>C:\ti\ccs1271\ccs\tools\compiler\ti-cgt-arm_20.2.7.LTS\lib\</path>
         <kind>archive</kind>
         <file>rtsv7M4_T_le_v4SPD16_eabi.lib</file>
         <name>fseek.c.obj</name>
      </input_file>
      <input_file id="fl-f0">
         <path>C:\ti\ccs1271\ccs\tools\compiler\ti-cgt-arm_20.2.7.LTS\lib\</path>
         <kind>archive</kind>
         <file>rtsv7M4_T_le_v4SPD16_eabi.lib</file>
         <name>div0.asm.obj</name>
      </input_file>
      <input_file id="fl-f1">
         <path>C:\ti\ccs1271\ccs\tools\compiler\ti-cgt-arm_20.2.7.LTS\lib\</path>
         <kind>archive</kind>
         <file>rtsv7M4_T_le_v4SPD16_eabi.lib</file>
         <name>autoinit.c.obj</name>
      </input_file>
      <input_file id="fl-f2">
         <path>C:\ti\ccs1271\ccs\tools\compiler\ti-cgt-arm_20.2.7.LTS\lib\</path>
         <kind>archive</kind>
         <file>rtsv7M4_T_le_v4SPD16_eabi.lib</file>
         <name>pre_init.c.obj</name>
      </input_file>
      <input_file id="fl-f3">
         <path>C:\ti\ccs1271\ccs\tools\compiler\ti-cgt-arm_20.2.7.LTS\lib\</path>
         <kind>archive</kind>
         <file>rtsv7M4_T_le_v4SPD16_eabi.lib</file>
         <name>cpy_tbl.c.obj</name>
      </input_file>
      <input_file id="fl-f4">
         <path>C:\ti\ccs1271\ccs\tools\compiler\ti-cgt-arm_20.2.7.LTS\lib\</path>
         <kind>archive</kind>
         <file>rtsv7M4_T_le_v4SPD16_eabi.lib</file>
         <name>args_main.c.obj</name>
      </input_file>
      <input_file id="fl-f5">
         <path>C:\ti\ccs1271\ccs\tools\compiler\ti-cgt-arm_20.2.7.LTS\lib\</path>
         <kind>archive</kind>
         <file>rtsv7M4_T_le_v4SPD16_eabi.lib</file>
         <name>hostclose.c.obj</name>
      </input_file>
      <input_file id="fl-f6">
         <path>C:\ti\ccs1271\ccs\tools\compiler\ti-cgt-arm_20.2.7.LTS\lib\</path>
         <kind>archive</kind>
         <file>rtsv7M4_T_le_v4SPD16_eabi.lib</file>
         <name>hostlseek.c.obj</name>
      </input_file>
      <input_file id="fl-f7">
         <path>C:\ti\ccs1271\ccs\tools\compiler\ti-cgt-arm_20.2.7.LTS\lib\</path>
         <kind>archive</kind>
         <file>rtsv7M4_T_le_v4SPD16_eabi.lib</file>
         <name>hostopen.c.obj</name>
      </input_file>
      <input_file id="fl-f8">
         <path>C:\ti\ccs1271\ccs\tools\compiler\ti-cgt-arm_20.2.7.LTS\lib\</path>
         <kind>archive</kind>
         <file>rtsv7M4_T_le_v4SPD16_eabi.lib</file>
         <name>hostread.c.obj</name>
      </input_file>
      <input_file id="fl-f9">
         <path>C:\ti\ccs1271\ccs\tools\compiler\ti-cgt-arm_20.2.7.LTS\lib\</path>
         <kind>archive</kind>
         <file>rtsv7M4_T_le_v4SPD16_eabi.lib</file>
         <name>hostrename.c.obj</name>
      </input_file>
      <input_file id="fl-fa">
         <path>C:\ti\ccs1271\ccs\tools\compiler\ti-cgt-arm_20.2.7.LTS\lib\</path>
         <kind>archive</kind>
         <file>rtsv7M4_T_le_v4SPD16_eabi.lib</file>
         <name>hostunlink.c.obj</name>
      </input_file>
      <input_file id="fl-fb">
         <path>C:\ti\ccs1271\ccs\tools\compiler\ti-cgt-arm_20.2.7.LTS\lib\</path>
         <kind>archive</kind>
         <file>rtsv7M4_T_le_v4SPD16_eabi.lib</file>
         <name>hostwrite.c.obj</name>
      </input_file>
      <input_file id="fl-fc">
         <path>C:\ti\ccs1271\ccs\tools\compiler\ti-cgt-arm_20.2.7.LTS\lib\</path>
         <kind>archive</kind>
         <file>rtsv7M4_T_le_v4SPD16_eabi.lib</file>
         <name>trgmsg.c.obj</name>
      </input_file>
      <input_file id="fl-fd">
         <path>C:\ti\ccs1271\ccs\tools\compiler\ti-cgt-arm_20.2.7.LTS\lib\</path>
         <kind>archive</kind>
         <file>rtsv7M4_T_le_v4SPD16_eabi.lib</file>
         <name>open.c.obj</name>
      </input_file>
      <input_file id="fl-fe">
         <path>C:\ti\ccs1271\ccs\tools\compiler\ti-cgt-arm_20.2.7.LTS\lib\</path>
         <kind>archive</kind>
         <file>rtsv7M4_T_le_v4SPD16_eabi.lib</file>
         <name>lseek.c.obj</name>
      </input_file>
      <input_file id="fl-ff">
         <path>C:\ti\ccs1271\ccs\tools\compiler\ti-cgt-arm_20.2.7.LTS\lib\</path>
         <kind>archive</kind>
         <file>rtsv7M4_T_le_v4SPD16_eabi.lib</file>
         <name>s_copysign.c.obj</name>
      </input_file>
      <input_file id="fl-100">
         <path>C:\ti\ccs1271\ccs\tools\compiler\ti-cgt-arm_20.2.7.LTS\lib\</path>
         <kind>archive</kind>
         <file>rtsv7M4_T_le_v4SPD16_eabi.lib</file>
         <name>fclose.c.obj</name>
      </input_file>
      <input_file id="fl-101">
         <path>C:\ti\ccs1271\ccs\tools\compiler\ti-cgt-arm_20.2.7.LTS\lib\</path>
         <kind>archive</kind>
         <file>rtsv7M4_T_le_v4SPD16_eabi.lib</file>
         <name>getdevice.c.obj</name>
      </input_file>
      <input_file id="fl-102">
         <path>C:\ti\ccs1271\ccs\tools\compiler\ti-cgt-arm_20.2.7.LTS\lib\</path>
         <kind>archive</kind>
         <file>rtsv7M4_T_le_v4SPD16_eabi.lib</file>
         <name>strncpy.c.obj</name>
      </input_file>
      <input_file id="fl-103">
         <path>C:\ti\ccs1271\ccs\tools\compiler\ti-cgt-arm_20.2.7.LTS\lib\</path>
         <kind>archive</kind>
         <file>rtsv7M4_T_le_v4SPD16_eabi.lib</file>
         <name>remove.c.obj</name>
      </input_file>
      <input_file id="fl-104">
         <path>C:\ti\ccs1271\ccs\tools\compiler\ti-cgt-arm_20.2.7.LTS\lib\</path>
         <kind>archive</kind>
         <file>rtsv7M4_T_le_v4SPD16_eabi.lib</file>
         <name>close.c.obj</name>
      </input_file>
      <input_file id="fl-105">
         <path>C:\ti\ccs1271\ccs\tools\compiler\ti-cgt-arm_20.2.7.LTS\lib\</path>
         <kind>archive</kind>
         <file>rtsv7M4_T_le_v4SPD16_eabi.lib</file>
         <name>unlink.c.obj</name>
      </input_file>
      <input_file id="fl-106">
         <path>C:\ti\TivaWare_C_Series-2.2.0.295\driverlib\ccs\Debug\</path>
         <kind>archive</kind>
         <file>driverlib.lib</file>
         <name>interrupt.obj</name>
      </input_file>
      <input_file id="fl-107">
         <path>C:\ti\TivaWare_C_Series-2.2.0.295\driverlib\ccs\Debug\</path>
         <kind>archive</kind>
         <file>driverlib.lib</file>
         <name>cpu.obj</name>
      </input_file>
   </input_file_list>
   <object_component_list>
      <object_component id="oc-12">
         <name>.intvecs</name>
         <load_address>0x0</load_address>
         <run_address>0x0</run_address>
         <size>0x26c</size>
         <input_file_ref idref="fl-7"/>
      </object_component>
      <object_component id="oc-d7">
         <name>.text</name>
         <load_address>0x26c</load_address>
         <run_address>0x26c</run_address>
         <size>0xc20</size>
         <input_file_ref idref="fl-6"/>
      </object_component>
      <object_component id="oc-23a">
         <name>.text:__TI_printfi</name>
         <load_address>0xe8c</load_address>
         <run_address>0xe8c</run_address>
         <size>0xa4e</size>
         <input_file_ref idref="fl-c5"/>
      </object_component>
      <object_component id="oc-273">
         <name>.text:_nop</name>
         <load_address>0x18da</load_address>
         <run_address>0x18da</run_address>
         <size>0x2</size>
         <input_file_ref idref="fl-da"/>
      </object_component>
      <object_component id="oc-e9">
         <name>.text</name>
         <load_address>0x18dc</load_address>
         <run_address>0x18dc</run_address>
         <size>0x360</size>
         <input_file_ref idref="fl-5"/>
      </object_component>
      <object_component id="oc-e3">
         <name>.text</name>
         <load_address>0x1c3c</load_address>
         <run_address>0x1c3c</run_address>
         <size>0x328</size>
         <input_file_ref idref="fl-3"/>
      </object_component>
      <object_component id="oc-2da">
         <name>.text:_pconv_a</name>
         <load_address>0x1f64</load_address>
         <run_address>0x1f64</run_address>
         <size>0x270</size>
         <input_file_ref idref="fl-c5"/>
      </object_component>
      <object_component id="oc-140">
         <name>.text</name>
         <load_address>0x21d4</load_address>
         <run_address>0x21d4</run_address>
         <size>0x248</size>
         <input_file_ref idref="fl-2"/>
      </object_component>
      <object_component id="oc-2c8">
         <name>.text:_pconv_g</name>
         <load_address>0x241c</load_address>
         <run_address>0x241c</run_address>
         <size>0x1d0</size>
         <input_file_ref idref="fl-c5"/>
      </object_component>
      <object_component id="oc-171">
         <name>.text</name>
         <load_address>0x25ec</load_address>
         <run_address>0x25ec</run_address>
         <size>0x1b6</size>
         <input_file_ref idref="fl-cb"/>
      </object_component>
      <object_component id="oc-3bb">
         <name>.text</name>
         <load_address>0x27a2</load_address>
         <run_address>0x27a2</run_address>
         <size>0x2</size>
         <input_file_ref idref="fl-f0"/>
      </object_component>
      <object_component id="oc-dd">
         <name>.text</name>
         <load_address>0x27a4</load_address>
         <run_address>0x27a4</run_address>
         <size>0x15c</size>
         <input_file_ref idref="fl-e"/>
      </object_component>
      <object_component id="oc-2d4">
         <name>.text:_pconv_e</name>
         <load_address>0x2900</load_address>
         <run_address>0x2900</run_address>
         <size>0x13c</size>
         <input_file_ref idref="fl-c5"/>
      </object_component>
      <object_component id="oc-167">
         <name>.text</name>
         <load_address>0x2a3c</load_address>
         <run_address>0x2a3c</run_address>
         <size>0x136</size>
         <input_file_ref idref="fl-cd"/>
      </object_component>
      <object_component id="oc-35a">
         <name>.text:fcvt</name>
         <load_address>0x2b74</load_address>
         <run_address>0x2b74</run_address>
         <size>0x124</size>
         <input_file_ref idref="fl-c5"/>
      </object_component>
      <object_component id="oc-308">
         <name>.text:fputs</name>
         <load_address>0x2c98</load_address>
         <run_address>0x2c98</run_address>
         <size>0x114</size>
         <input_file_ref idref="fl-c8"/>
      </object_component>
      <object_component id="oc-36e">
         <name>.text:scalbn</name>
         <load_address>0x2dac</load_address>
         <run_address>0x2dac</run_address>
         <size>0x110</size>
         <input_file_ref idref="fl-ec"/>
      </object_component>
      <object_component id="oc-292">
         <name>.text:aligned_alloc</name>
         <load_address>0x2ebc</load_address>
         <run_address>0x2ebc</run_address>
         <size>0x100</size>
         <input_file_ref idref="fl-e1"/>
      </object_component>
      <object_component id="oc-162">
         <name>.text</name>
         <load_address>0x2fbc</load_address>
         <run_address>0x2fbc</run_address>
         <size>0xfc</size>
         <input_file_ref idref="fl-ce"/>
      </object_component>
      <object_component id="oc-a2">
         <name>.text</name>
         <load_address>0x30b8</load_address>
         <run_address>0x30b8</run_address>
         <size>0xf0</size>
         <input_file_ref idref="fl-4"/>
      </object_component>
      <object_component id="oc-13a">
         <name>.text:free</name>
         <load_address>0x31a8</load_address>
         <run_address>0x31a8</run_address>
         <size>0xe4</size>
         <input_file_ref idref="fl-e1"/>
      </object_component>
      <object_component id="oc-3f1">
         <name>.text:setvbuf</name>
         <load_address>0x328c</load_address>
         <run_address>0x328c</run_address>
         <size>0xdc</size>
         <input_file_ref idref="fl-ca"/>
      </object_component>
      <object_component id="oc-2c2">
         <name>.text:_ltostr</name>
         <load_address>0x3368</load_address>
         <run_address>0x3368</run_address>
         <size>0xb1</size>
         <input_file_ref idref="fl-c5"/>
      </object_component>
      <object_component id="oc-3e">
         <name>.text</name>
         <load_address>0x341a</load_address>
         <run_address>0x341a</run_address>
         <size>0x9c</size>
         <input_file_ref idref="fl-d3"/>
      </object_component>
      <object_component id="oc-33c">
         <name>.text</name>
         <load_address>0x34b6</load_address>
         <run_address>0x34b6</run_address>
         <size>0x96</size>
         <input_file_ref idref="fl-d5"/>
      </object_component>
      <object_component id="oc-30f">
         <name>.text:fputc</name>
         <load_address>0x354c</load_address>
         <run_address>0x354c</run_address>
         <size>0x8c</size>
         <input_file_ref idref="fl-c7"/>
      </object_component>
      <object_component id="oc-1af">
         <name>.text:__aeabi_cdcmple</name>
         <load_address>0x35d8</load_address>
         <run_address>0x35d8</run_address>
         <size>0x86</size>
         <input_file_ref idref="fl-cc"/>
      </object_component>
      <object_component id="oc-1b4">
         <name>.text:__aeabi_cdrcmple</name>
         <load_address>0x365e</load_address>
         <run_address>0x365e</run_address>
         <size>0x86</size>
         <input_file_ref idref="fl-cc"/>
      </object_component>
      <object_component id="oc-96">
         <name>.text</name>
         <load_address>0x36e4</load_address>
         <run_address>0x36e4</run_address>
         <size>0x7a</size>
         <input_file_ref idref="fl-d4"/>
      </object_component>
      <object_component id="oc-448">
         <name>.text:__TI_closefile</name>
         <load_address>0x3760</load_address>
         <run_address>0x3760</run_address>
         <size>0x74</size>
         <input_file_ref idref="fl-100"/>
      </object_component>
      <object_component id="oc-32c">
         <name>.text:split</name>
         <load_address>0x37d4</load_address>
         <run_address>0x37d4</run_address>
         <size>0x70</size>
         <input_file_ref idref="fl-e1"/>
      </object_component>
      <object_component id="oc-353">
         <name>.text:_mcpy</name>
         <load_address>0x3844</load_address>
         <run_address>0x3844</run_address>
         <size>0x6e</size>
         <input_file_ref idref="fl-c5"/>
      </object_component>
      <object_component id="oc-179">
         <name>.text</name>
         <load_address>0x38b2</load_address>
         <run_address>0x38b2</run_address>
         <size>0x6e</size>
         <input_file_ref idref="fl-d0"/>
      </object_component>
      <object_component id="oc-478">
         <name>.text:HOSTrename</name>
         <load_address>0x3920</load_address>
         <run_address>0x3920</run_address>
         <size>0x6c</size>
         <input_file_ref idref="fl-f9"/>
      </object_component>
      <object_component id="oc-46c">
         <name>.text:HOSTlseek</name>
         <load_address>0x398c</load_address>
         <run_address>0x398c</run_address>
         <size>0x68</size>
         <input_file_ref idref="fl-f6"/>
      </object_component>
      <object_component id="oc-15">
         <name>.text:decompress:lzss:__TI_decompress_lzss</name>
         <load_address>0x39f4</load_address>
         <run_address>0x39f4</run_address>
         <size>0x68</size>
         <input_file_ref idref="fl-d8"/>
      </object_component>
      <object_component id="oc-1b9">
         <name>.text:printf</name>
         <load_address>0x3a5c</load_address>
         <run_address>0x3a5c</run_address>
         <size>0x68</size>
         <input_file_ref idref="fl-c4"/>
      </object_component>
      <object_component id="oc-368">
         <name>.text:frexp</name>
         <load_address>0x3ac4</load_address>
         <run_address>0x3ac4</run_address>
         <size>0x64</size>
         <input_file_ref idref="fl-eb"/>
      </object_component>
      <object_component id="oc-3eb">
         <name>.text:fseek</name>
         <load_address>0x3b28</load_address>
         <run_address>0x3b28</run_address>
         <size>0x64</size>
         <input_file_ref idref="fl-ef"/>
      </object_component>
      <object_component id="oc-397">
         <name>.text:__TI_wrt_ok</name>
         <load_address>0x3b8c</load_address>
         <run_address>0x3b8c</run_address>
         <size>0x62</size>
         <input_file_ref idref="fl-c9"/>
      </object_component>
      <object_component id="oc-454">
         <name>.text:HOSTopen</name>
         <load_address>0x3bf0</load_address>
         <run_address>0x3bf0</run_address>
         <size>0x60</size>
         <input_file_ref idref="fl-f7"/>
      </object_component>
      <object_component id="oc-484">
         <name>.text:close</name>
         <load_address>0x3c50</load_address>
         <run_address>0x3c50</run_address>
         <size>0x5c</size>
         <input_file_ref idref="fl-104"/>
      </object_component>
      <object_component id="oc-460">
         <name>.text:HOSTread</name>
         <load_address>0x3cac</load_address>
         <run_address>0x3cac</run_address>
         <size>0x58</size>
         <input_file_ref idref="fl-f8"/>
      </object_component>
      <object_component id="oc-466">
         <name>.text:HOSTwrite</name>
         <load_address>0x3d04</load_address>
         <run_address>0x3d04</run_address>
         <size>0x58</size>
         <input_file_ref idref="fl-fb"/>
      </object_component>
      <object_component id="oc-2ce">
         <name>.text:_pconv_f</name>
         <load_address>0x3d5c</load_address>
         <run_address>0x3d5c</run_address>
         <size>0x56</size>
         <input_file_ref idref="fl-c5"/>
      </object_component>
      <object_component id="oc-347">
         <name>.text:__TI_ltoa</name>
         <load_address>0x3db2</load_address>
         <run_address>0x3db2</run_address>
         <size>0x54</size>
         <input_file_ref idref="fl-db"/>
      </object_component>
      <object_component id="oc-34d">
         <name>.text:_ecpy</name>
         <load_address>0x3e06</load_address>
         <run_address>0x3e06</run_address>
         <size>0x52</size>
         <input_file_ref idref="fl-c5"/>
      </object_component>
      <object_component id="oc-3a3">
         <name>.text:__TI_doflush</name>
         <load_address>0x3e58</load_address>
         <run_address>0x3e58</run_address>
         <size>0x4c</size>
         <input_file_ref idref="fl-ed"/>
      </object_component>
      <object_component id="oc-2bc">
         <name>.text:atoi</name>
         <load_address>0x3ea4</load_address>
         <run_address>0x3ea4</run_address>
         <size>0x4c</size>
         <input_file_ref idref="fl-dc"/>
      </object_component>
      <object_component id="oc-fa">
         <name>.text:exit</name>
         <load_address>0x3ef0</load_address>
         <run_address>0x3ef0</run_address>
         <size>0x48</size>
         <input_file_ref idref="fl-d9"/>
      </object_component>
      <object_component id="oc-342">
         <name>.text</name>
         <load_address>0x3f38</load_address>
         <run_address>0x3f38</run_address>
         <size>0x48</size>
         <input_file_ref idref="fl-cf"/>
      </object_component>
      <object_component id="oc-45a">
         <name>.text:HOSTclose</name>
         <load_address>0x3f80</load_address>
         <run_address>0x3f80</run_address>
         <size>0x44</size>
         <input_file_ref idref="fl-f5"/>
      </object_component>
      <object_component id="oc-472">
         <name>.text:HOSTunlink</name>
         <load_address>0x3fc4</load_address>
         <run_address>0x3fc4</run_address>
         <size>0x44</size>
         <input_file_ref idref="fl-fa"/>
      </object_component>
      <object_component id="oc-100">
         <name>.text:__TI_auto_init_nobinit_nopinit:__TI_auto_init_nobinit_nopinit</name>
         <load_address>0x4008</load_address>
         <run_address>0x4008</run_address>
         <size>0x44</size>
         <input_file_ref idref="fl-f1"/>
      </object_component>
      <object_component id="oc-4b3">
         <name>.text:getdevice</name>
         <load_address>0x404c</load_address>
         <run_address>0x404c</run_address>
         <size>0x44</size>
         <input_file_ref idref="fl-101"/>
      </object_component>
      <object_component id="oc-199">
         <name>.text:vsnprintf</name>
         <load_address>0x4090</load_address>
         <run_address>0x4090</run_address>
         <size>0x40</size>
         <input_file_ref idref="fl-c6"/>
      </object_component>
      <object_component id="oc-360">
         <name>.text:_fcpy</name>
         <load_address>0x40d0</load_address>
         <run_address>0x40d0</run_address>
         <size>0x3e</size>
         <input_file_ref idref="fl-c5"/>
      </object_component>
      <object_component id="oc-495">
         <name>.text:__TI_writemsg</name>
         <load_address>0x4110</load_address>
         <run_address>0x4110</run_address>
         <size>0x38</size>
         <input_file_ref idref="fl-fc"/>
      </object_component>
      <object_component id="oc-134">
         <name>.text:calloc</name>
         <load_address>0x4148</load_address>
         <run_address>0x4148</run_address>
         <size>0x38</size>
         <input_file_ref idref="fl-e1"/>
      </object_component>
      <object_component id="oc-17e">
         <name>.text</name>
         <load_address>0x4180</load_address>
         <run_address>0x4180</run_address>
         <size>0x38</size>
         <input_file_ref idref="fl-d1"/>
      </object_component>
      <object_component id="oc-4d3">
         <name>.text:strncpy</name>
         <load_address>0x41b8</load_address>
         <run_address>0x41b8</run_address>
         <size>0x36</size>
         <input_file_ref idref="fl-102"/>
      </object_component>
      <object_component id="oc-153">
         <name>.text:IntRegister</name>
         <load_address>0x41f0</load_address>
         <run_address>0x41f0</run_address>
         <size>0x34</size>
         <input_file_ref idref="fl-106"/>
      </object_component>
      <object_component id="oc-41f">
         <name>.text:__TI_cleanup</name>
         <load_address>0x4224</load_address>
         <run_address>0x4224</run_address>
         <size>0x34</size>
         <input_file_ref idref="fl-ee"/>
      </object_component>
      <object_component id="oc-49b">
         <name>.text:__TI_readmsg</name>
         <load_address>0x4258</load_address>
         <run_address>0x4258</run_address>
         <size>0x34</size>
         <input_file_ref idref="fl-fc"/>
      </object_component>
      <object_component id="oc-5c">
         <name>.text:_c_int00_noargs:_c_int00_noargs</name>
         <load_address>0x428c</load_address>
         <run_address>0x428c</run_address>
         <size>0x34</size>
         <input_file_ref idref="fl-e6"/>
      </object_component>
      <object_component id="oc-240">
         <name>.text:_outs</name>
         <load_address>0x42c0</load_address>
         <run_address>0x42c0</run_address>
         <size>0x30</size>
         <input_file_ref idref="fl-c6"/>
      </object_component>
      <object_component id="oc-4d9">
         <name>.text:finddevice</name>
         <load_address>0x42f0</load_address>
         <run_address>0x42f0</run_address>
         <size>0x30</size>
         <input_file_ref idref="fl-101"/>
      </object_component>
      <object_component id="oc-16c">
         <name>.text</name>
         <load_address>0x4320</load_address>
         <run_address>0x4320</run_address>
         <size>0x2e</size>
         <input_file_ref idref="fl-d2"/>
      </object_component>
      <object_component id="oc-48a">
         <name>.text:unlink</name>
         <load_address>0x4350</load_address>
         <run_address>0x4350</run_address>
         <size>0x2c</size>
         <input_file_ref idref="fl-105"/>
      </object_component>
      <object_component id="oc-1fc">
         <name>.text:free_list_insert</name>
         <load_address>0x437c</load_address>
         <run_address>0x437c</run_address>
         <size>0x28</size>
         <input_file_ref idref="fl-e1"/>
      </object_component>
      <object_component id="oc-417">
         <name>.text:lseek</name>
         <load_address>0x43a4</load_address>
         <run_address>0x43a4</run_address>
         <size>0x28</size>
         <input_file_ref idref="fl-fe"/>
      </object_component>
      <object_component id="oc-3a9">
         <name>.text:write</name>
         <load_address>0x43cc</load_address>
         <run_address>0x43cc</run_address>
         <size>0x28</size>
         <input_file_ref idref="fl-e7"/>
      </object_component>
      <object_component id="oc-39d">
         <name>.text:memchr</name>
         <load_address>0x43f4</load_address>
         <run_address>0x43f4</run_address>
         <size>0x20</size>
         <input_file_ref idref="fl-e0"/>
      </object_component>
      <object_component id="oc-1f6">
         <name>.text:free_list_remove</name>
         <load_address>0x4414</load_address>
         <run_address>0x4414</run_address>
         <size>0x1c</size>
         <input_file_ref idref="fl-e1"/>
      </object_component>
      <object_component id="oc-2e0">
         <name>.text:memccpy</name>
         <load_address>0x4430</load_address>
         <run_address>0x4430</run_address>
         <size>0x1c</size>
         <input_file_ref idref="fl-df"/>
      </object_component>
      <object_component id="oc-3cf">
         <name>.text:copysign</name>
         <load_address>0x444c</load_address>
         <run_address>0x444c</run_address>
         <size>0x1a</size>
         <input_file_ref idref="fl-ff"/>
      </object_component>
      <object_component id="oc-246">
         <name>.text:_outc</name>
         <load_address>0x4466</load_address>
         <run_address>0x4466</run_address>
         <size>0x18</size>
         <input_file_ref idref="fl-c6"/>
      </object_component>
      <object_component id="oc-146">
         <name>.text:oi_parseInt</name>
         <load_address>0x447e</load_address>
         <run_address>0x447e</run_address>
         <size>0x18</size>
         <input_file_ref idref="fl-6"/>
      </object_component>
      <object_component id="oc-14d">
         <name>.text:strcmp</name>
         <load_address>0x4496</load_address>
         <run_address>0x4496</run_address>
         <size>0x18</size>
         <input_file_ref idref="fl-e3"/>
      </object_component>
      <object_component id="oc-374">
         <name>.text:strchr</name>
         <load_address>0x44ae</load_address>
         <run_address>0x44ae</run_address>
         <size>0x16</size>
         <input_file_ref idref="fl-e2"/>
      </object_component>
      <object_component id="oc-19f">
         <name>.text:strcpy</name>
         <load_address>0x44c4</load_address>
         <run_address>0x44c4</run_address>
         <size>0x14</size>
         <input_file_ref idref="fl-e4"/>
      </object_component>
      <object_component id="oc-2b6">
         <name>.text:strlen</name>
         <load_address>0x44d8</load_address>
         <run_address>0x44d8</run_address>
         <size>0x14</size>
         <input_file_ref idref="fl-e5"/>
      </object_component>
      <object_component id="oc-2e6">
         <name>.text:wcslen</name>
         <load_address>0x44ec</load_address>
         <run_address>0x44ec</run_address>
         <size>0x12</size>
         <input_file_ref idref="fl-ea"/>
      </object_component>
      <object_component id="oc-159">
         <name>.text:IntMasterEnable</name>
         <load_address>0x44fe</load_address>
         <run_address>0x44fe</run_address>
         <size>0x10</size>
         <input_file_ref idref="fl-106"/>
      </object_component>
      <object_component id="oc-192">
         <name>.text:lcd_clear</name>
         <load_address>0x450e</load_address>
         <run_address>0x450e</run_address>
         <size>0x10</size>
         <input_file_ref idref="fl-3"/>
      </object_component>
      <object_component id="oc-1b">
         <name>.text:decompress:none:__TI_decompress_none</name>
         <load_address>0x451e</load_address>
         <run_address>0x451e</run_address>
         <size>0xe</size>
         <input_file_ref idref="fl-d7"/>
      </object_component>
      <object_component id="oc-214">
         <name>.text:CPUcpsie</name>
         <load_address>0x452c</load_address>
         <run_address>0x452c</run_address>
         <size>0xc</size>
         <input_file_ref idref="fl-107"/>
      </object_component>
      <object_component id="oc-50">
         <name>.text:decompress:ZI:__TI_zero_init</name>
         <load_address>0x4538</load_address>
         <run_address>0x4538</run_address>
         <size>0xc</size>
         <input_file_ref idref="fl-d6"/>
      </object_component>
      <object_component id="oc-2a">
         <name>.text</name>
         <load_address>0x4544</load_address>
         <run_address>0x4544</run_address>
         <size>0xc</size>
         <input_file_ref idref="fl-7"/>
      </object_component>
      <object_component id="oc-2ec">
         <name>.text:__aeabi_errno_addr</name>
         <load_address>0x4550</load_address>
         <run_address>0x4550</run_address>
         <size>0x8</size>
         <input_file_ref idref="fl-e9"/>
      </object_component>
      <object_component id="oc-1ef">
         <name>.text:malloc</name>
         <load_address>0x4558</load_address>
         <run_address>0x4558</run_address>
         <size>0x8</size>
         <input_file_ref idref="fl-e1"/>
      </object_component>
      <object_component id="oc-267">
         <name>.text:_outc</name>
         <load_address>0x4560</load_address>
         <run_address>0x4560</run_address>
         <size>0x4</size>
         <input_file_ref idref="fl-c4"/>
      </object_component>
      <object_component id="oc-261">
         <name>.text:_outs</name>
         <load_address>0x4564</load_address>
         <run_address>0x4564</run_address>
         <size>0x4</size>
         <input_file_ref idref="fl-c4"/>
      </object_component>
      <object_component id="oc-9c">
         <name>.text:_system_pre_init</name>
         <load_address>0x4568</load_address>
         <run_address>0x4568</run_address>
         <size>0x4</size>
         <input_file_ref idref="fl-f2"/>
      </object_component>
      <object_component id="oc-f4">
         <name>.text:abort:abort</name>
         <load_address>0x456c</load_address>
         <run_address>0x456c</run_address>
         <size>0x4</size>
         <input_file_ref idref="fl-d9"/>
      </object_component>
      <object_component id="oc-337">
         <name>.const:.string:_ctypes_</name>
         <load_address>0x4570</load_address>
         <run_address>0x4570</run_address>
         <size>0x101</size>
         <input_file_ref idref="fl-dd"/>
      </object_component>
      <object_component id="oc-176">
         <name>.const:.string:$P$T0$3</name>
         <load_address>0x4671</load_address>
         <run_address>0x4671</run_address>
         <size>0xf</size>
         <input_file_ref idref="fl-6"/>
      </object_component>
      <object_component id="oc-ef">
         <name>.const:.string:$P$T0$1</name>
         <load_address>0x4680</load_address>
         <run_address>0x4680</run_address>
         <size>0xa</size>
         <input_file_ref idref="fl-4"/>
      </object_component>
      <object_component id="oc-1a5">
         <name>.const:.string:lineAddress$1</name>
         <load_address>0x468a</load_address>
         <run_address>0x468a</run_address>
         <size>0x4</size>
         <input_file_ref idref="fl-3"/>
      </object_component>
      <object_component id="oc-1a6">
         <name>.const:.string:lineAddresses$2</name>
         <load_address>0x468e</load_address>
         <run_address>0x468e</run_address>
         <size>0x4</size>
         <input_file_ref idref="fl-3"/>
      </object_component>
      <object_component id="oc-51f">
         <name>.cinit..data.load</name>
         <load_address>0x4698</load_address>
         <run_address>0x4698</run_address>
         <size>0x72</size>
      </object_component>
      <object_component id="oc-51c">
         <name>__TI_handler_table</name>
         <load_address>0x470c</load_address>
         <run_address>0x470c</run_address>
         <size>0xc</size>
      </object_component>
      <object_component id="oc-520">
         <name>.cinit..bss.load</name>
         <load_address>0x4718</load_address>
         <run_address>0x4718</run_address>
         <size>0x8</size>
      </object_component>
      <object_component id="oc-51e">
         <name>.cinit..vtable.load</name>
         <load_address>0x4720</load_address>
         <run_address>0x4720</run_address>
         <size>0x8</size>
      </object_component>
      <object_component id="oc-51d">
         <name>__TI_cinit_table</name>
         <load_address>0x4728</load_address>
         <run_address>0x4728</run_address>
         <size>0x18</size>
      </object_component>
      <object_component id="oc-20a">
         <name>.vtable</name>
         <uninitialized>true</uninitialized>
         <run_address>0x20000000</run_address>
         <size>0x26c</size>
         <input_file_ref idref="fl-106"/>
      </object_component>
      <object_component id="oc-203">
         <name>.data</name>
         <load_address>0x200012e8</load_address>
         <run_address>0x200012e8</run_address>
         <size>0x1</size>
         <input_file_ref idref="fl-2"/>
      </object_component>
      <object_component id="oc-15f">
         <name>.data</name>
         <load_address>0x20001294</load_address>
         <run_address>0x20001294</run_address>
         <size>0x20</size>
         <input_file_ref idref="fl-6"/>
      </object_component>
      <object_component id="oc-18e">
         <name>.data</name>
         <load_address>0x200012e0</load_address>
         <run_address>0x200012e0</run_address>
         <size>0x4</size>
         <input_file_ref idref="fl-e"/>
      </object_component>
      <object_component id="oc-1d0">
         <name>.data:$O1$$</name>
         <load_address>0x200012c4</load_address>
         <run_address>0x200012c4</run_address>
         <size>0xc</size>
         <input_file_ref idref="fl-d9"/>
      </object_component>
      <object_component id="oc-1d3">
         <name>.data:$O1$$</name>
         <load_address>0x200012d0</load_address>
         <run_address>0x200012d0</run_address>
         <size>0x8</size>
         <input_file_ref idref="fl-da"/>
      </object_component>
      <object_component id="oc-25e">
         <name>.data:_ftable</name>
         <load_address>0x200010dc</load_address>
         <run_address>0x200010dc</run_address>
         <size>0xf0</size>
         <input_file_ref idref="fl-de"/>
      </object_component>
      <object_component id="oc-44e">
         <name>.data</name>
         <load_address>0x200012b4</load_address>
         <run_address>0x200012b4</run_address>
         <size>0x10</size>
         <input_file_ref idref="fl-de"/>
      </object_component>
      <object_component id="oc-299">
         <name>.data:$O1$$</name>
         <load_address>0x200012d8</load_address>
         <run_address>0x200012d8</run_address>
         <size>0x8</size>
         <input_file_ref idref="fl-e1"/>
      </object_component>
      <object_component id="oc-432">
         <name>.data:_device</name>
         <load_address>0x200011cc</load_address>
         <run_address>0x200011cc</run_address>
         <size>0x78</size>
         <input_file_ref idref="fl-e8"/>
      </object_component>
      <object_component id="oc-3fd">
         <name>.data:_stream</name>
         <load_address>0x20001244</load_address>
         <run_address>0x20001244</run_address>
         <size>0x50</size>
         <input_file_ref idref="fl-e8"/>
      </object_component>
      <object_component id="oc-384">
         <name>.data</name>
         <load_address>0x200012e4</load_address>
         <run_address>0x200012e4</run_address>
         <size>0x4</size>
         <input_file_ref idref="fl-e9"/>
      </object_component>
      <object_component id="oc-1a7">
         <name>.bss:lastbuffer$3</name>
         <uninitialized>true</uninitialized>
         <run_address>0x20001030</run_address>
         <size>0x54</size>
         <input_file_ref idref="fl-3"/>
      </object_component>
      <object_component id="oc-183">
         <name>.bss:firmware$2</name>
         <uninitialized>true</uninitialized>
         <run_address>0x200010b8</run_address>
         <size>0x18</size>
         <input_file_ref idref="fl-6"/>
      </object_component>
      <object_component id="oc-4bd">
         <name>.bss:_CIOBUF_</name>
         <uninitialized>true</uninitialized>
         <run_address>0x20000e70</run_address>
         <size>0x120</size>
         <input_file_ref idref="fl-fc"/>
      </object_component>
      <object_component id="oc-206">
         <name>.common:_timeout_ticks</name>
         <uninitialized>true</uninitialized>
         <run_address>0x200010d8</run_address>
         <size>0x4</size>
      </object_component>
      <object_component id="oc-18b">
         <name>.common:isr_char_buffer</name>
         <uninitialized>true</uninitialized>
         <run_address>0x20001084</run_address>
         <size>0x34</size>
      </object_component>
      <object_component id="oc-490">
         <name>.common:__TI_tmpnams</name>
         <uninitialized>true</uninitialized>
         <run_address>0x20000f90</run_address>
         <size>0xa0</size>
      </object_component>
      <object_component id="oc-4a1">
         <name>.common:parmbuf</name>
         <uninitialized>true</uninitialized>
         <run_address>0x200010d0</run_address>
         <size>0x8</size>
      </object_component>
      <object_component id="oc-24">
         <name>.sysmem</name>
         <uninitialized>true</uninitialized>
         <run_address>0x20000a70</run_address>
         <size>0x10</size>
         <input_file_ref idref="fl-e1"/>
      </object_component>
      <object_component id="oc-523">
         <name>.sysmem</name>
         <uninitialized>true</uninitialized>
         <run_address>0x20000a70</run_address>
         <size>0x0</size>
      </object_component>
      <object_component id="oc-27">
         <name>.stack</name>
         <uninitialized>true</uninitialized>
         <run_address>0x20000270</run_address>
         <size>0x4</size>
         <input_file_ref idref="fl-e6"/>
      </object_component>
      <object_component id="oc-522">
         <name>.stack</name>
         <uninitialized>true</uninitialized>
         <run_address>0x20000270</run_address>
         <size>0x0</size>
      </object_component>
      <object_component id="oc-c5">
         <name>.debug_info</name>
         <load_address>0x0</load_address>
         <run_address>0x0</run_address>
         <size>0x2b3</size>
         <input_file_ref idref="fl-2"/>
      </object_component>
      <object_component id="oc-204">
         <name>.debug_info</name>
         <load_address>0x2b3</load_address>
         <run_address>0x2b3</run_address>
         <size>0xc1</size>
         <input_file_ref idref="fl-2"/>
      </object_component>
      <object_component id="oc-141">
         <name>.debug_info</name>
         <load_address>0x374</load_address>
         <run_address>0x374</run_address>
         <size>0x509</size>
         <input_file_ref idref="fl-2"/>
      </object_component>
      <object_component id="oc-77">
         <name>.debug_info</name>
         <load_address>0x87d</load_address>
         <run_address>0x87d</run_address>
         <size>0x26b</size>
         <input_file_ref idref="fl-2"/>
      </object_component>
      <object_component id="oc-39">
         <name>.debug_info</name>
         <load_address>0xae8</load_address>
         <run_address>0xae8</run_address>
         <size>0x84</size>
         <input_file_ref idref="fl-2"/>
      </object_component>
      <object_component id="oc-c0">
         <name>.debug_info</name>
         <load_address>0xb6c</load_address>
         <run_address>0xb6c</run_address>
         <size>0x2a4</size>
         <input_file_ref idref="fl-2"/>
      </object_component>
      <object_component id="oc-7c">
         <name>.debug_info</name>
         <load_address>0xe10</load_address>
         <run_address>0xe10</run_address>
         <size>0xbb</size>
         <input_file_ref idref="fl-2"/>
      </object_component>
      <object_component id="oc-1a9">
         <name>.debug_info</name>
         <load_address>0xecb</load_address>
         <run_address>0xecb</run_address>
         <size>0x381</size>
         <input_file_ref idref="fl-3"/>
      </object_component>
      <object_component id="oc-193">
         <name>.debug_info</name>
         <load_address>0x124c</load_address>
         <run_address>0x124c</run_address>
         <size>0x116</size>
         <input_file_ref idref="fl-3"/>
      </object_component>
      <object_component id="oc-e4">
         <name>.debug_info</name>
         <load_address>0x1362</load_address>
         <run_address>0x1362</run_address>
         <size>0x8a2</size>
         <input_file_ref idref="fl-3"/>
      </object_component>
      <object_component id="oc-227">
         <name>.debug_info</name>
         <load_address>0x1c04</load_address>
         <run_address>0x1c04</run_address>
         <size>0xcc</size>
         <input_file_ref idref="fl-3"/>
      </object_component>
      <object_component id="oc-1aa">
         <name>.debug_info</name>
         <load_address>0x1cd0</load_address>
         <run_address>0x1cd0</run_address>
         <size>0x2c</size>
         <input_file_ref idref="fl-3"/>
      </object_component>
      <object_component id="oc-1ca">
         <name>.debug_info</name>
         <load_address>0x1cfc</load_address>
         <run_address>0x1cfc</run_address>
         <size>0x35</size>
         <input_file_ref idref="fl-3"/>
      </object_component>
      <object_component id="oc-f3">
         <name>.debug_info</name>
         <load_address>0x1d31</load_address>
         <run_address>0x1d31</run_address>
         <size>0x426</size>
         <input_file_ref idref="fl-4"/>
      </object_component>
      <object_component id="oc-f0">
         <name>.debug_info</name>
         <load_address>0x2157</load_address>
         <run_address>0x2157</run_address>
         <size>0xbd</size>
         <input_file_ref idref="fl-4"/>
      </object_component>
      <object_component id="oc-a3">
         <name>.debug_info</name>
         <load_address>0x2214</load_address>
         <run_address>0x2214</run_address>
         <size>0x214</size>
         <input_file_ref idref="fl-4"/>
      </object_component>
      <object_component id="oc-1c5">
         <name>.debug_info</name>
         <load_address>0x2428</load_address>
         <run_address>0x2428</run_address>
         <size>0x5aa</size>
         <input_file_ref idref="fl-4"/>
      </object_component>
      <object_component id="oc-1c0">
         <name>.debug_info</name>
         <load_address>0x29d2</load_address>
         <run_address>0x29d2</run_address>
         <size>0x31b</size>
         <input_file_ref idref="fl-5"/>
      </object_component>
      <object_component id="oc-eb">
         <name>.debug_info</name>
         <load_address>0x2ced</load_address>
         <run_address>0x2ced</run_address>
         <size>0x9fd</size>
         <input_file_ref idref="fl-5"/>
      </object_component>
      <object_component id="oc-185">
         <name>.debug_info</name>
         <load_address>0x36ea</load_address>
         <run_address>0x36ea</run_address>
         <size>0x3fe</size>
         <input_file_ref idref="fl-6"/>
      </object_component>
      <object_component id="oc-160">
         <name>.debug_info</name>
         <load_address>0x3ae8</load_address>
         <run_address>0x3ae8</run_address>
         <size>0x113</size>
         <input_file_ref idref="fl-6"/>
      </object_component>
      <object_component id="oc-177">
         <name>.debug_info</name>
         <load_address>0x3bfb</load_address>
         <run_address>0x3bfb</run_address>
         <size>0xc8</size>
         <input_file_ref idref="fl-6"/>
      </object_component>
      <object_component id="oc-147">
         <name>.debug_info</name>
         <load_address>0x3cc3</load_address>
         <run_address>0x3cc3</run_address>
         <size>0x140</size>
         <input_file_ref idref="fl-6"/>
      </object_component>
      <object_component id="oc-d8">
         <name>.debug_info</name>
         <load_address>0x3e03</load_address>
         <run_address>0x3e03</run_address>
         <size>0x198a</size>
         <input_file_ref idref="fl-6"/>
      </object_component>
      <object_component id="oc-186">
         <name>.debug_info</name>
         <load_address>0x578d</load_address>
         <run_address>0x578d</run_address>
         <size>0x8b</size>
         <input_file_ref idref="fl-6"/>
      </object_component>
      <object_component id="oc-32">
         <name>.debug_info</name>
         <load_address>0x5818</load_address>
         <run_address>0x5818</run_address>
         <size>0x29d</size>
         <input_file_ref idref="fl-7"/>
      </object_component>
      <object_component id="oc-13">
         <name>.debug_info</name>
         <load_address>0x5ab5</load_address>
         <run_address>0x5ab5</run_address>
         <size>0xdc</size>
         <input_file_ref idref="fl-7"/>
      </object_component>
      <object_component id="oc-2d">
         <name>.debug_info</name>
         <load_address>0x5b91</load_address>
         <run_address>0x5b91</run_address>
         <size>0x258</size>
         <input_file_ref idref="fl-7"/>
      </object_component>
      <object_component id="oc-18c">
         <name>.debug_info</name>
         <load_address>0x5de9</load_address>
         <run_address>0x5de9</run_address>
         <size>0x326</size>
         <input_file_ref idref="fl-e"/>
      </object_component>
      <object_component id="oc-18f">
         <name>.debug_info</name>
         <load_address>0x610f</load_address>
         <run_address>0x610f</run_address>
         <size>0xee</size>
         <input_file_ref idref="fl-e"/>
      </object_component>
      <object_component id="oc-de">
         <name>.debug_info</name>
         <load_address>0x61fd</load_address>
         <run_address>0x61fd</run_address>
         <size>0x43b</size>
         <input_file_ref idref="fl-e"/>
      </object_component>
      <object_component id="oc-233">
         <name>.debug_info</name>
         <load_address>0x6638</load_address>
         <run_address>0x6638</run_address>
         <size>0x26b</size>
         <input_file_ref idref="fl-e"/>
      </object_component>
      <object_component id="oc-2b1">
         <name>.debug_info</name>
         <load_address>0x68a3</load_address>
         <run_address>0x68a3</run_address>
         <size>0x297</size>
         <input_file_ref idref="fl-e"/>
      </object_component>
      <object_component id="oc-22e">
         <name>.debug_info</name>
         <load_address>0x6b3a</load_address>
         <run_address>0x6b3a</run_address>
         <size>0xbb</size>
         <input_file_ref idref="fl-e"/>
      </object_component>
      <object_component id="oc-26e">
         <name>.debug_info</name>
         <load_address>0x6bf5</load_address>
         <run_address>0x6bf5</run_address>
         <size>0x3e5</size>
         <input_file_ref idref="fl-c4"/>
      </object_component>
      <object_component id="oc-269">
         <name>.debug_info</name>
         <load_address>0x6fda</load_address>
         <run_address>0x6fda</run_address>
         <size>0x157</size>
         <input_file_ref idref="fl-c4"/>
      </object_component>
      <object_component id="oc-265">
         <name>.debug_info</name>
         <load_address>0x7131</load_address>
         <run_address>0x7131</run_address>
         <size>0x166</size>
         <input_file_ref idref="fl-c4"/>
      </object_component>
      <object_component id="oc-1bd">
         <name>.debug_info</name>
         <load_address>0x7297</load_address>
         <run_address>0x7297</run_address>
         <size>0x1ac</size>
         <input_file_ref idref="fl-c4"/>
      </object_component>
      <object_component id="oc-318">
         <name>.debug_info</name>
         <load_address>0x7443</load_address>
         <run_address>0x7443</run_address>
         <size>0xb2</size>
         <input_file_ref idref="fl-c4"/>
      </object_component>
      <object_component id="oc-2f3">
         <name>.debug_info</name>
         <load_address>0x74f5</load_address>
         <run_address>0x74f5</run_address>
         <size>0x590</size>
         <input_file_ref idref="fl-c5"/>
      </object_component>
      <object_component id="oc-2c5">
         <name>.debug_info</name>
         <load_address>0x7a85</load_address>
         <run_address>0x7a85</run_address>
         <size>0x21e</size>
         <input_file_ref idref="fl-c5"/>
      </object_component>
      <object_component id="oc-350">
         <name>.debug_info</name>
         <load_address>0x7ca3</load_address>
         <run_address>0x7ca3</run_address>
         <size>0x1b3</size>
         <input_file_ref idref="fl-c5"/>
      </object_component>
      <object_component id="oc-355">
         <name>.debug_info</name>
         <load_address>0x7e56</load_address>
         <run_address>0x7e56</run_address>
         <size>0x21b</size>
         <input_file_ref idref="fl-c5"/>
      </object_component>
      <object_component id="oc-2ca">
         <name>.debug_info</name>
         <load_address>0x8071</load_address>
         <run_address>0x8071</run_address>
         <size>0x3c0</size>
         <input_file_ref idref="fl-c5"/>
      </object_component>
      <object_component id="oc-35c">
         <name>.debug_info</name>
         <load_address>0x8431</load_address>
         <run_address>0x8431</run_address>
         <size>0x30a</size>
         <input_file_ref idref="fl-c5"/>
      </object_component>
      <object_component id="oc-362">
         <name>.debug_info</name>
         <load_address>0x873b</load_address>
         <run_address>0x873b</run_address>
         <size>0x215</size>
         <input_file_ref idref="fl-c5"/>
      </object_component>
      <object_component id="oc-2d0">
         <name>.debug_info</name>
         <load_address>0x8950</load_address>
         <run_address>0x8950</run_address>
         <size>0x215</size>
         <input_file_ref idref="fl-c5"/>
      </object_component>
      <object_component id="oc-2d6">
         <name>.debug_info</name>
         <load_address>0x8b65</load_address>
         <run_address>0x8b65</run_address>
         <size>0x304</size>
         <input_file_ref idref="fl-c5"/>
      </object_component>
      <object_component id="oc-2dc">
         <name>.debug_info</name>
         <load_address>0x8e69</load_address>
         <run_address>0x8e69</run_address>
         <size>0x4b5</size>
         <input_file_ref idref="fl-c5"/>
      </object_component>
      <object_component id="oc-23c">
         <name>.debug_info</name>
         <load_address>0x931e</load_address>
         <run_address>0x931e</run_address>
         <size>0x5f4</size>
         <input_file_ref idref="fl-c5"/>
      </object_component>
      <object_component id="oc-2f4">
         <name>.debug_info</name>
         <load_address>0x9912</load_address>
         <run_address>0x9912</run_address>
         <size>0x86</size>
         <input_file_ref idref="fl-c5"/>
      </object_component>
      <object_component id="oc-38b">
         <name>.debug_info</name>
         <load_address>0x9998</load_address>
         <run_address>0x9998</run_address>
         <size>0x39</size>
         <input_file_ref idref="fl-c5"/>
      </object_component>
      <object_component id="oc-3e6">
         <name>.debug_info</name>
         <load_address>0x99d1</load_address>
         <run_address>0x99d1</run_address>
         <size>0xb6</size>
         <input_file_ref idref="fl-c5"/>
      </object_component>
      <object_component id="oc-390">
         <name>.debug_info</name>
         <load_address>0x9a87</load_address>
         <run_address>0x9a87</run_address>
         <size>0x46</size>
         <input_file_ref idref="fl-c5"/>
      </object_component>
      <object_component id="oc-2f9">
         <name>.debug_info</name>
         <load_address>0x9acd</load_address>
         <run_address>0x9acd</run_address>
         <size>0x46</size>
         <input_file_ref idref="fl-c5"/>
      </object_component>
      <object_component id="oc-24e">
         <name>.debug_info</name>
         <load_address>0x9b13</load_address>
         <run_address>0x9b13</run_address>
         <size>0x2c</size>
         <input_file_ref idref="fl-c5"/>
      </object_component>
      <object_component id="oc-24d">
         <name>.debug_info</name>
         <load_address>0x9b3f</load_address>
         <run_address>0x9b3f</run_address>
         <size>0x340</size>
         <input_file_ref idref="fl-c6"/>
      </object_component>
      <object_component id="oc-19c">
         <name>.debug_info</name>
         <load_address>0x9e7f</load_address>
         <run_address>0x9e7f</run_address>
         <size>0x208</size>
         <input_file_ref idref="fl-c6"/>
      </object_component>
      <object_component id="oc-242">
         <name>.debug_info</name>
         <load_address>0xa087</load_address>
         <run_address>0xa087</run_address>
         <size>0x1c6</size>
         <input_file_ref idref="fl-c6"/>
      </object_component>
      <object_component id="oc-248">
         <name>.debug_info</name>
         <load_address>0xa24d</load_address>
         <run_address>0xa24d</run_address>
         <size>0x179</size>
         <input_file_ref idref="fl-c6"/>
      </object_component>
      <object_component id="oc-253">
         <name>.debug_info</name>
         <load_address>0xa3c6</load_address>
         <run_address>0xa3c6</run_address>
         <size>0x69</size>
         <input_file_ref idref="fl-c6"/>
      </object_component>
      <object_component id="oc-3b2">
         <name>.debug_info</name>
         <load_address>0xa42f</load_address>
         <run_address>0xa42f</run_address>
         <size>0x383</size>
         <input_file_ref idref="fl-c7"/>
      </object_component>
      <object_component id="oc-311">
         <name>.debug_info</name>
         <load_address>0xa7b2</load_address>
         <run_address>0xa7b2</run_address>
         <size>0x1ea</size>
         <input_file_ref idref="fl-c7"/>
      </object_component>
      <object_component id="oc-3b0">
         <name>.debug_info</name>
         <load_address>0xa99c</load_address>
         <run_address>0xa99c</run_address>
         <size>0x3fc</size>
         <input_file_ref idref="fl-c8"/>
      </object_component>
      <object_component id="oc-309">
         <name>.debug_info</name>
         <load_address>0xad98</load_address>
         <run_address>0xad98</run_address>
         <size>0x2e2</size>
         <input_file_ref idref="fl-c8"/>
      </object_component>
      <object_component id="oc-ce">
         <name>.debug_info</name>
         <load_address>0xb07a</load_address>
         <run_address>0xb07a</run_address>
         <size>0x2c</size>
         <input_file_ref idref="fl-c8"/>
      </object_component>
      <object_component id="oc-3f8">
         <name>.debug_info</name>
         <load_address>0xb0a6</load_address>
         <run_address>0xb0a6</run_address>
         <size>0x300</size>
         <input_file_ref idref="fl-c9"/>
      </object_component>
      <object_component id="oc-398">
         <name>.debug_info</name>
         <load_address>0xb3a6</load_address>
         <run_address>0xb3a6</run_address>
         <size>0x19c</size>
         <input_file_ref idref="fl-c9"/>
      </object_component>
      <object_component id="oc-427">
         <name>.debug_info</name>
         <load_address>0xb542</load_address>
         <run_address>0xb542</run_address>
         <size>0xbf</size>
         <input_file_ref idref="fl-c9"/>
      </object_component>
      <object_component id="oc-426">
         <name>.debug_info</name>
         <load_address>0xb601</load_address>
         <run_address>0xb601</run_address>
         <size>0x374</size>
         <input_file_ref idref="fl-ca"/>
      </object_component>
      <object_component id="oc-3f2">
         <name>.debug_info</name>
         <load_address>0xb975</load_address>
         <run_address>0xb975</run_address>
         <size>0x20b</size>
         <input_file_ref idref="fl-ca"/>
      </object_component>
      <object_component id="oc-172">
         <name>.debug_info</name>
         <load_address>0xbb80</load_address>
         <run_address>0xbb80</run_address>
         <size>0x14c</size>
         <input_file_ref idref="fl-cb"/>
      </object_component>
      <object_component id="oc-1b0">
         <name>.debug_info</name>
         <load_address>0xbccc</load_address>
         <run_address>0xbccc</run_address>
         <size>0x128</size>
         <input_file_ref idref="fl-cc"/>
      </object_component>
      <object_component id="oc-1b5">
         <name>.debug_info</name>
         <load_address>0xbdf4</load_address>
         <run_address>0xbdf4</run_address>
         <size>0x12a</size>
         <input_file_ref idref="fl-cc"/>
      </object_component>
      <object_component id="oc-168">
         <name>.debug_info</name>
         <load_address>0xbf1e</load_address>
         <run_address>0xbf1e</run_address>
         <size>0x13a</size>
         <input_file_ref idref="fl-cd"/>
      </object_component>
      <object_component id="oc-163">
         <name>.debug_info</name>
         <load_address>0xc058</load_address>
         <run_address>0xc058</run_address>
         <size>0x13a</size>
         <input_file_ref idref="fl-ce"/>
      </object_component>
      <object_component id="oc-343">
         <name>.debug_info</name>
         <load_address>0xc192</load_address>
         <run_address>0xc192</run_address>
         <size>0x12e</size>
         <input_file_ref idref="fl-cf"/>
      </object_component>
      <object_component id="oc-17c">
         <name>.debug_info</name>
         <load_address>0xc2c0</load_address>
         <run_address>0xc2c0</run_address>
         <size>0x13e</size>
         <input_file_ref idref="fl-d0"/>
      </object_component>
      <object_component id="oc-181">
         <name>.debug_info</name>
         <load_address>0xc3fe</load_address>
         <run_address>0xc3fe</run_address>
         <size>0x12c</size>
         <input_file_ref idref="fl-d1"/>
      </object_component>
      <object_component id="oc-16d">
         <name>.debug_info</name>
         <load_address>0xc52a</load_address>
         <run_address>0xc52a</run_address>
         <size>0x12c</size>
         <input_file_ref idref="fl-d2"/>
      </object_component>
      <object_component id="oc-41">
         <name>.debug_info</name>
         <load_address>0xc656</load_address>
         <run_address>0xc656</run_address>
         <size>0x119</size>
         <input_file_ref idref="fl-d3"/>
      </object_component>
      <object_component id="oc-97">
         <name>.debug_info</name>
         <load_address>0xc76f</load_address>
         <run_address>0xc76f</run_address>
         <size>0x147</size>
         <input_file_ref idref="fl-d4"/>
      </object_component>
      <object_component id="oc-33f">
         <name>.debug_info</name>
         <load_address>0xc8b6</load_address>
         <run_address>0xc8b6</run_address>
         <size>0x134</size>
         <input_file_ref idref="fl-d5"/>
      </object_component>
      <object_component id="oc-95">
         <name>.debug_info</name>
         <load_address>0xc9ea</load_address>
         <run_address>0xc9ea</run_address>
         <size>0x2d4</size>
         <input_file_ref idref="fl-d6"/>
      </object_component>
      <object_component id="oc-52">
         <name>.debug_info</name>
         <load_address>0xccbe</load_address>
         <run_address>0xccbe</run_address>
         <size>0x1b5</size>
         <input_file_ref idref="fl-d6"/>
      </object_component>
      <object_component id="oc-90">
         <name>.debug_info</name>
         <load_address>0xce73</load_address>
         <run_address>0xce73</run_address>
         <size>0x46</size>
         <input_file_ref idref="fl-d6"/>
      </object_component>
      <object_component id="oc-49">
         <name>.debug_info</name>
         <load_address>0xceb9</load_address>
         <run_address>0xceb9</run_address>
         <size>0x2a8</size>
         <input_file_ref idref="fl-d7"/>
      </object_component>
      <object_component id="oc-1c">
         <name>.debug_info</name>
         <load_address>0xd161</load_address>
         <run_address>0xd161</run_address>
         <size>0x1ea</size>
         <input_file_ref idref="fl-d7"/>
      </object_component>
      <object_component id="oc-44">
         <name>.debug_info</name>
         <load_address>0xd34b</load_address>
         <run_address>0xd34b</run_address>
         <size>0x46</size>
         <input_file_ref idref="fl-d7"/>
      </object_component>
      <object_component id="oc-88">
         <name>.debug_info</name>
         <load_address>0xd391</load_address>
         <run_address>0xd391</run_address>
         <size>0x2c</size>
         <input_file_ref idref="fl-d7"/>
      </object_component>
      <object_component id="oc-86">
         <name>.debug_info</name>
         <load_address>0xd3bd</load_address>
         <run_address>0xd3bd</run_address>
         <size>0x29e</size>
         <input_file_ref idref="fl-d8"/>
      </object_component>
      <object_component id="oc-19">
         <name>.debug_info</name>
         <load_address>0xd65b</load_address>
         <run_address>0xd65b</run_address>
         <size>0x250</size>
         <input_file_ref idref="fl-d8"/>
      </object_component>
      <object_component id="oc-34">
         <name>.debug_info</name>
         <load_address>0xd8ab</load_address>
         <run_address>0xd8ab</run_address>
         <size>0x60</size>
         <input_file_ref idref="fl-d8"/>
      </object_component>
      <object_component id="oc-c7">
         <name>.debug_info</name>
         <load_address>0xd90b</load_address>
         <run_address>0xd90b</run_address>
         <size>0x46</size>
         <input_file_ref idref="fl-d8"/>
      </object_component>
      <object_component id="oc-81">
         <name>.debug_info</name>
         <load_address>0xd951</load_address>
         <run_address>0xd951</run_address>
         <size>0x39</size>
         <input_file_ref idref="fl-d8"/>
      </object_component>
      <object_component id="oc-1d7">
         <name>.debug_info</name>
         <load_address>0xd98a</load_address>
         <run_address>0xd98a</run_address>
         <size>0x3ad</size>
         <input_file_ref idref="fl-d9"/>
      </object_component>
      <object_component id="oc-1d1">
         <name>.debug_info</name>
         <load_address>0xdd37</load_address>
         <run_address>0xdd37</run_address>
         <size>0x190</size>
         <input_file_ref idref="fl-d9"/>
      </object_component>
      <object_component id="oc-f5">
         <name>.debug_info</name>
         <load_address>0xdec7</load_address>
         <run_address>0xdec7</run_address>
         <size>0x122</size>
         <input_file_ref idref="fl-d9"/>
      </object_component>
      <object_component id="oc-fb">
         <name>.debug_info</name>
         <load_address>0xdfe9</load_address>
         <run_address>0xdfe9</run_address>
         <size>0x184</size>
         <input_file_ref idref="fl-d9"/>
      </object_component>
      <object_component id="oc-27b">
         <name>.debug_info</name>
         <load_address>0xe16d</load_address>
         <run_address>0xe16d</run_address>
         <size>0x2c9</size>
         <input_file_ref idref="fl-da"/>
      </object_component>
      <object_component id="oc-1d4">
         <name>.debug_info</name>
         <load_address>0xe436</load_address>
         <run_address>0xe436</run_address>
         <size>0x11e</size>
         <input_file_ref idref="fl-da"/>
      </object_component>
      <object_component id="oc-277">
         <name>.debug_info</name>
         <load_address>0xe554</load_address>
         <run_address>0xe554</run_address>
         <size>0x12e</size>
         <input_file_ref idref="fl-da"/>
      </object_component>
      <object_component id="oc-3c3">
         <name>.debug_info</name>
         <load_address>0xe682</load_address>
         <run_address>0xe682</run_address>
         <size>0x29c</size>
         <input_file_ref idref="fl-db"/>
      </object_component>
      <object_component id="oc-348">
         <name>.debug_info</name>
         <load_address>0xe91e</load_address>
         <run_address>0xe91e</run_address>
         <size>0x1da</size>
         <input_file_ref idref="fl-db"/>
      </object_component>
      <object_component id="oc-33b">
         <name>.debug_info</name>
         <load_address>0xeaf8</load_address>
         <run_address>0xeaf8</run_address>
         <size>0x2b9</size>
         <input_file_ref idref="fl-dc"/>
      </object_component>
      <object_component id="oc-2bd">
         <name>.debug_info</name>
         <load_address>0xedb1</load_address>
         <run_address>0xedb1</run_address>
         <size>0x17c</size>
         <input_file_ref idref="fl-dc"/>
      </object_component>
      <object_component id="oc-3b8">
         <name>.debug_info</name>
         <load_address>0xef2d</load_address>
         <run_address>0xef2d</run_address>
         <size>0xf9</size>
         <input_file_ref idref="fl-dd"/>
      </object_component>
      <object_component id="oc-338">
         <name>.debug_info</name>
         <load_address>0xf026</load_address>
         <run_address>0xf026</run_address>
         <size>0x105</size>
         <input_file_ref idref="fl-dd"/>
      </object_component>
      <object_component id="oc-306">
         <name>.debug_info</name>
         <load_address>0xf12b</load_address>
         <run_address>0xf12b</run_address>
         <size>0x144</size>
         <input_file_ref idref="fl-de"/>
      </object_component>
      <object_component id="oc-25f">
         <name>.debug_info</name>
         <load_address>0xf26f</load_address>
         <run_address>0xf26f</run_address>
         <size>0x102</size>
         <input_file_ref idref="fl-de"/>
      </object_component>
      <object_component id="oc-44f">
         <name>.debug_info</name>
         <load_address>0xf371</load_address>
         <run_address>0xf371</run_address>
         <size>0x18f</size>
         <input_file_ref idref="fl-de"/>
      </object_component>
      <object_component id="oc-37c">
         <name>.debug_info</name>
         <load_address>0xf500</load_address>
         <run_address>0xf500</run_address>
         <size>0x2a7</size>
         <input_file_ref idref="fl-df"/>
      </object_component>
      <object_component id="oc-2e3">
         <name>.debug_info</name>
         <load_address>0xf7a7</load_address>
         <run_address>0xf7a7</run_address>
         <size>0x1b8</size>
         <input_file_ref idref="fl-df"/>
      </object_component>
      <object_component id="oc-3fa">
         <name>.debug_info</name>
[...]
      <symbol id="sm-217">
         <name>oi_parsePacket</name>
         <value>0x32b</value>
         <object_component_ref idref="oc-d7"/>
      </symbol>
      <symbol id="sm-218">
         <name>oi_setLeds</name>
         <value>0x84b</value>
         <object_component_ref idref="oc-d7"/>
      </symbol>
      <symbol id="sm-219">
         <name>oi_init</name>
         <value>0x2b1</value>
         <object_component_ref idref="oc-d7"/>
      </symbol>
      <symbol id="sm-21a">
         <name>oi_update</name>
         <value>0x2d9</value>
         <object_component_ref idref="oc-d7"/>
      </symbol>
      <symbol id="sm-21b">
         <name>oi_uartInit</name>
         <value>0x98d</value>
         <object_component_ref idref="oc-d7"/>
      </symbol>
      <symbol id="sm-237">
         <name>ResetISR</name>
         <value>0x4545</value>
         <object_component_ref idref="oc-2a"/>
      </symbol>
      <symbol id="sm-238">
         <name>g_pfnVectors</name>
         <value>0x0</value>
         <object_component_ref idref="oc-12"/>
      </symbol>
      <symbol id="sm-274">
         <name>isr_char_buffer</name>
         <value>0x20001084</value>
      </symbol>
      <symbol id="sm-275">
         <name>cyBot_getByte</name>
         <value>0x2893</value>
         <object_component_ref idref="oc-dd"/>
      </symbol>
      <symbol id="sm-276">
         <name>cyBot_sendByte</name>
         <value>0x27a5</value>
         <object_component_ref idref="oc-dd"/>
      </symbol>
      <symbol id="sm-277">
         <name>cyBot_uart_sendStr</name>
         <value>0x27b1</value>
         <object_component_ref idref="oc-dd"/>
      </symbol>
      <symbol id="sm-278">
         <name>isr_counter</name>
         <value>0x200012e0</value>
         <object_component_ref idref="oc-18e"/>
      </symbol>
      <symbol id="sm-279">
         <name>cyBot_uart_sendBuffer</name>
         <value>0x27cb</value>
         <object_component_ref idref="oc-dd"/>
      </symbol>
      <symbol id="sm-27a">
         <name>cyBot_uart_flush</name>
         <value>0x2875</value>
         <object_component_ref idref="oc-dd"/>
      </symbol>
      <symbol id="sm-27b">
         <name>cyBot_UART1_Handler</name>
         <value>0x28ad</value>
         <object_component_ref idref="oc-dd"/>
      </symbol>
      <symbol id="sm-27c">
         <name>cyBot_uart_init</name>
         <value>0x27e3</value>
         <object_component_ref idref="oc-dd"/>
      </symbol>
      <symbol id="sm-2a8">
         <name>printf</name>
         <value>0x3a5d</value>
         <object_component_ref idref="oc-1b9"/>
      </symbol>
      <symbol id="sm-412">
         <name>__TI_printfi</name>
         <value>0xe8d</value>
         <object_component_ref idref="oc-23a"/>
      </symbol>
      <symbol id="sm-43c">
         <name>vsnprintf</name>
         <value>0x4091</value>
         <object_component_ref idref="oc-199"/>
      </symbol>
      <symbol id="sm-451">
         <name>putc</name>
         <value>0x354d</value>
         <object_component_ref idref="oc-30f"/>
      </symbol>
      <symbol id="sm-452">
         <name>fputc</name>
         <value>0x354d</value>
         <object_component_ref idref="oc-30f"/>
      </symbol>
      <symbol id="sm-475">
         <name>fputs</name>
         <value>0x2c99</value>
         <object_component_ref idref="oc-308"/>
      </symbol>
      <symbol id="sm-48d">
         <name>__TI_wrt_ok</name>
         <value>0x3b8d</value>
         <object_component_ref idref="oc-397"/>
      </symbol>
      <symbol id="sm-4a9">
         <name>setvbuf</name>
         <value>0x328d</value>
         <object_component_ref idref="oc-3f1"/>
      </symbol>
      <symbol id="sm-4c0">
         <name>__aeabi_dsub</name>
         <value>0x25ed</value>
         <object_component_ref idref="oc-171"/>
      </symbol>
      <symbol id="sm-4c1">
         <name>__aeabi_dadd</name>
         <value>0x25f7</value>
         <object_component_ref idref="oc-171"/>
      </symbol>
      <symbol id="sm-4e3">
         <name>__aeabi_cdcmpeq</name>
         <value>0x35d9</value>
         <object_component_ref idref="oc-1af"/>
      </symbol>
      <symbol id="sm-4e4">
         <name>__aeabi_cdcmple</name>
         <value>0x35d9</value>
         <object_component_ref idref="oc-1af"/>
      </symbol>
      <symbol id="sm-4e5">
         <name>__aeabi_cdrcmple</name>
         <value>0x365f</value>
         <object_component_ref idref="oc-1b4"/>
      </symbol>
      <symbol id="sm-4f9">
         <name>__aeabi_ddiv</name>
         <value>0x2a3d</value>
         <object_component_ref idref="oc-167"/>
      </symbol>
      <symbol id="sm-504">
         <name>__aeabi_dmul</name>
         <value>0x2fbd</value>
         <object_component_ref idref="oc-162"/>
      </symbol>
      <symbol id="sm-50e">
         <name>__aeabi_d2iz</name>
         <value>0x3f39</value>
         <object_component_ref idref="oc-342"/>
      </symbol>
      <symbol id="sm-51a">
         <name>__aeabi_d2f</name>
         <value>0x38b3</value>
         <object_component_ref idref="oc-179"/>
      </symbol>
      <symbol id="sm-525">
         <name>__aeabi_f2d</name>
         <value>0x4181</value>
         <object_component_ref idref="oc-17e"/>
      </symbol>
      <symbol id="sm-52f">
         <name>__aeabi_i2d</name>
         <value>0x4321</value>
         <object_component_ref idref="oc-16c"/>
      </symbol>
      <symbol id="sm-54a">
         <name>memcpy</name>
         <value>0x341b</value>
         <object_component_ref idref="oc-3e"/>
      </symbol>
      <symbol id="sm-54b">
         <name>__aeabi_memcpy</name>
         <value>0x341b</value>
         <object_component_ref idref="oc-3e"/>
      </symbol>
      <symbol id="sm-54c">
         <name>__aeabi_memcpy8</name>
         <value>0x341b</value>
         <object_component_ref idref="oc-3e"/>
      </symbol>
      <symbol id="sm-54d">
         <name>__aeabi_memcpy4</name>
         <value>0x341b</value>
         <object_component_ref idref="oc-3e"/>
      </symbol>
      <symbol id="sm-55c">
         <name>__aeabi_memset</name>
         <value>0x36e7</value>
         <object_component_ref idref="oc-96"/>
      </symbol>
      <symbol id="sm-55d">
         <name>memset</name>
         <value>0x36ed</value>
         <object_component_ref idref="oc-96"/>
      </symbol>
      <symbol id="sm-55e">
         <name>__aeabi_memset8</name>
         <value>0x36e7</value>
         <object_component_ref idref="oc-96"/>
      </symbol>
      <symbol id="sm-55f">
         <name>__aeabi_memset4</name>
         <value>0x36e7</value>
         <object_component_ref idref="oc-96"/>
      </symbol>
      <symbol id="sm-560">
         <name>__aeabi_memclr8</name>
         <value>0x36e5</value>
         <object_component_ref idref="oc-96"/>
      </symbol>
      <symbol id="sm-561">
         <name>__aeabi_memclr4</name>
         <value>0x36e5</value>
         <object_component_ref idref="oc-96"/>
      </symbol>
      <symbol id="sm-562">
         <name>__aeabi_memclr</name>
         <value>0x36e5</value>
         <object_component_ref idref="oc-96"/>
      </symbol>
      <symbol id="sm-56f">
         <name>__aeabi_uldivmod</name>
         <value>0x34b7</value>
         <object_component_ref idref="oc-33c"/>
      </symbol>
      <symbol id="sm-581">
         <name>__TI_zero_init</name>
         <value>0x4539</value>
         <object_component_ref idref="oc-50"/>
      </symbol>
      <symbol id="sm-598">
         <name>__TI_decompress_none</name>
         <value>0x451f</value>
         <object_component_ref idref="oc-1b"/>
      </symbol>
      <symbol id="sm-5bb">
         <name>__TI_decompress_lzss</name>
         <value>0x39f5</value>
         <object_component_ref idref="oc-15"/>
      </symbol>
      <symbol id="sm-5e1">
         <name>C$$EXIT</name>
         <value>0x456d</value>
         <object_component_ref idref="oc-f4"/>
      </symbol>
      <symbol id="sm-5e2">
         <name>abort</name>
         <value>0x456d</value>
         <object_component_ref idref="oc-f4"/>
      </symbol>
      <symbol id="sm-5e3">
         <name>__TI_dtors_ptr</name>
         <value>0x200012c8</value>
         <object_component_ref idref="oc-1d0"/>
      </symbol>
      <symbol id="sm-5e4">
         <name>__TI_cleanup_ptr</name>
         <value>0x200012c4</value>
         <object_component_ref idref="oc-1d0"/>
      </symbol>
      <symbol id="sm-5e5">
         <name>__TI_enable_exit_profile_output</name>
         <value>0x200012cc</value>
         <object_component_ref idref="oc-1d0"/>
      </symbol>
      <symbol id="sm-5e6">
         <name>exit</name>
         <value>0x3ef1</value>
         <object_component_ref idref="oc-fa"/>
      </symbol>
      <symbol id="sm-5fb">
         <name>_nop</name>
         <value>0x18db</value>
         <object_component_ref idref="oc-273"/>
      </symbol>
      <symbol id="sm-5fc">
         <name>_lock</name>
         <value>0x200012d0</value>
         <object_component_ref idref="oc-1d3"/>
      </symbol>
      <symbol id="sm-5fd">
         <name>_unlock</name>
         <value>0x200012d4</value>
         <object_component_ref idref="oc-1d3"/>
      </symbol>
      <symbol id="sm-60c">
         <name>__TI_ltoa</name>
         <value>0x3db3</value>
         <object_component_ref idref="oc-347"/>
      </symbol>
      <symbol id="sm-622">
         <name>atoi</name>
         <value>0x3ea5</value>
         <object_component_ref idref="oc-2bc"/>
      </symbol>
      <symbol id="sm-62d">
         <name>_ctypes_</name>
         <value>0x4570</value>
         <object_component_ref idref="oc-337"/>
      </symbol>
      <symbol id="sm-642">
         <name>__TI_tmpnams</name>
         <value>0x20000f90</value>
      </symbol>
      <symbol id="sm-643">
         <name>__aeabi_stdout</name>
         <value>0x200012bc</value>
         <object_component_ref idref="oc-44e"/>
      </symbol>
      <symbol id="sm-644">
         <name>__aeabi_stderr</name>
         <value>0x200012c0</value>
         <object_component_ref idref="oc-44e"/>
      </symbol>
      <symbol id="sm-645">
         <name>__aeabi_stdin</name>
         <value>0x200012b8</value>
         <object_component_ref idref="oc-44e"/>
      </symbol>
      <symbol id="sm-646">
         <name>_ftable</name>
         <value>0x200010dc</value>
         <object_component_ref idref="oc-25e"/>
      </symbol>
      <symbol id="sm-647">
         <name>__TI_ft_end</name>
         <value>0x200012b4</value>
         <object_component_ref idref="oc-44e"/>
      </symbol>
      <symbol id="sm-657">
         <name>memccpy</name>
         <value>0x4431</value>
         <object_component_ref idref="oc-2e0"/>
      </symbol>
      <symbol id="sm-667">
         <name>memchr</name>
         <value>0x43f5</value>
         <object_component_ref idref="oc-39d"/>
      </symbol>
      <symbol id="sm-6fc">
         <name>_sys_memory</name>
         <value>0x20000a70</value>
         <object_component_ref idref="oc-24"/>
      </symbol>
      <symbol id="sm-6fd">
         <name>free</name>
         <value>0x31a9</value>
         <object_component_ref idref="oc-13a"/>
      </symbol>
      <symbol id="sm-6fe">
         <name>memalign</name>
         <value>0x2ebd</value>
         <object_component_ref idref="oc-292"/>
      </symbol>
      <symbol id="sm-6ff">
         <name>calloc</name>
         <value>0x4149</value>
         <object_component_ref idref="oc-134"/>
      </symbol>
      <symbol id="sm-700">
         <name>malloc</name>
         <value>0x4559</value>
         <object_component_ref idref="oc-1ef"/>
      </symbol>
      <symbol id="sm-701">
         <name>aligned_alloc</name>
         <value>0x2ebd</value>
         <object_component_ref idref="oc-292"/>
      </symbol>
      <symbol id="sm-711">
         <name>strchr</name>
         <value>0x44af</value>
         <object_component_ref idref="oc-374"/>
      </symbol>
      <symbol id="sm-720">
         <name>strcmp</name>
         <value>0x4497</value>
         <object_component_ref idref="oc-14d"/>
      </symbol>
      <symbol id="sm-72e">
         <name>strcpy</name>
         <value>0x44c5</value>
         <object_component_ref idref="oc-19f"/>
      </symbol>
      <symbol id="sm-73c">
         <name>strlen</name>
         <value>0x44d9</value>
         <object_component_ref idref="oc-2b6"/>
      </symbol>
      <symbol id="sm-74f">
         <name>__stack</name>
         <value>0x20000270</value>
         <object_component_ref idref="oc-27"/>
      </symbol>
      <symbol id="sm-750">
         <name>_c_int00_noargs</name>
         <value>0x428d</value>
         <object_component_ref idref="oc-5c"/>
      </symbol>
      <symbol id="sm-76a">
         <name>write</name>
         <value>0x43cd</value>
         <object_component_ref idref="oc-3a9"/>
      </symbol>
      <symbol id="sm-77b">
         <name>_stream</name>
         <value>0x20001244</value>
         <object_component_ref idref="oc-3fd"/>
      </symbol>
      <symbol id="sm-77c">
         <name>_device</name>
         <value>0x200011cc</value>
         <object_component_ref idref="oc-432"/>
      </symbol>
      <symbol id="sm-792">
         <name>__aeabi_errno_addr</name>
         <value>0x4551</value>
         <object_component_ref idref="oc-2ec"/>
      </symbol>
      <symbol id="sm-793">
         <name>errno</name>
         <value>0x200012e4</value>
         <object_component_ref idref="oc-384"/>
      </symbol>
      <symbol id="sm-7ac">
         <name>wcslen</name>
         <value>0x44ed</value>
         <object_component_ref idref="oc-2e6"/>
      </symbol>
      <symbol id="sm-7cc">
         <name>frexpl</name>
         <value>0x3ac5</value>
         <object_component_ref idref="oc-368"/>
      </symbol>
      <symbol id="sm-7cd">
         <name>frexp</name>
         <value>0x3ac5</value>
         <object_component_ref idref="oc-368"/>
      </symbol>
      <symbol id="sm-7ea">
         <name>scalbn</name>
         <value>0x2dad</value>
         <object_component_ref idref="oc-36e"/>
      </symbol>
      <symbol id="sm-7eb">
         <name>scalbnl</name>
         <value>0x2dad</value>
         <object_component_ref idref="oc-36e"/>
      </symbol>
      <symbol id="sm-7ec">
         <name>ldexpl</name>
         <value>0x2dad</value>
         <object_component_ref idref="oc-36e"/>
      </symbol>
      <symbol id="sm-7ed">
         <name>ldexp</name>
         <value>0x2dad</value>
         <object_component_ref idref="oc-36e"/>
      </symbol>
      <symbol id="sm-7fd">
         <name>__TI_doflush</name>
         <value>0x3e59</value>
         <object_component_ref idref="oc-3a3"/>
      </symbol>
      <symbol id="sm-80d">
         <name>__TI_cleanup</name>
         <value>0x4225</value>
         <object_component_ref idref="oc-41f"/>
      </symbol>
      <symbol id="sm-81f">
         <name>fseek</name>
         <value>0x3b29</value>
         <object_component_ref idref="oc-3eb"/>
      </symbol>
      <symbol id="sm-829">
         <name>__aeabi_idiv0</name>
         <value>0x27a3</value>
         <object_component_ref idref="oc-3bb"/>
      </symbol>
      <symbol id="sm-82a">
         <name>__aeabi_ldiv0</name>
         <value>0x27a3</value>
         <object_component_ref idref="oc-3bb"/>
      </symbol>
      <symbol id="sm-852">
         <name>__TI_auto_init_nobinit_nopinit</name>
         <value>0x4009</value>
         <object_component_ref idref="oc-100"/>
      </symbol>
      <symbol id="sm-85c">
         <name>_system_pre_init</name>
         <value>0x4569</value>
         <object_component_ref idref="oc-9c"/>
      </symbol>
      <symbol id="sm-86f">
         <name>HOSTclose</name>
         <value>0x3f81</value>
         <object_component_ref idref="oc-45a"/>
      </symbol>
      <symbol id="sm-880">
         <name>HOSTlseek</name>
         <value>0x398d</value>
         <object_component_ref idref="oc-46c"/>
      </symbol>
      <symbol id="sm-892">
         <name>parmbuf</name>
         <value>0x200010d0</value>
      </symbol>
      <symbol id="sm-893">
         <name>HOSTopen</name>
         <value>0x3bf1</value>
         <object_component_ref idref="oc-454"/>
      </symbol>
      <symbol id="sm-8a4">
         <name>HOSTread</name>
         <value>0x3cad</value>
         <object_component_ref idref="oc-460"/>
      </symbol>
      <symbol id="sm-8b5">
         <name>HOSTrename</name>
         <value>0x3921</value>
         <object_component_ref idref="oc-478"/>
      </symbol>
      <symbol id="sm-8c6">
         <name>HOSTunlink</name>
         <value>0x3fc5</value>
         <object_component_ref idref="oc-472"/>
      </symbol>
      <symbol id="sm-8d7">
         <name>HOSTwrite</name>
         <value>0x3d05</value>
         <object_component_ref idref="oc-466"/>
      </symbol>
      <symbol id="sm-8fb">
         <name>__TI_readmsg</name>
         <value>0x4259</value>
         <object_component_ref idref="oc-49b"/>
      </symbol>
      <symbol id="sm-8fc">
         <name>C$$IO$$</name>
         <value>0x413f</value>
         <object_component_ref idref="oc-495"/>
      </symbol>
      <symbol id="sm-8fd">
         <name>__CIOBUF_</name>
         <value>0x20000e70</value>
         <object_component_ref idref="oc-4bd"/>
      </symbol>
      <symbol id="sm-8fe">
         <name>__TI_writemsg</name>
         <value>0x4111</value>
         <object_component_ref idref="oc-495"/>
      </symbol>
      <symbol id="sm-90f">
         <name>lseek</name>
         <value>0x43a5</value>
         <object_component_ref idref="oc-417"/>
      </symbol>
      <symbol id="sm-919">
         <name>copysign</name>
         <value>0x444d</value>
         <object_component_ref idref="oc-3cf"/>
      </symbol>
      <symbol id="sm-91a">
         <name>copysignl</name>
         <value>0x444d</value>
         <object_component_ref idref="oc-3cf"/>
      </symbol>
      <symbol id="sm-92f">
         <name>__TI_closefile</name>
         <value>0x3761</value>
         <object_component_ref idref="oc-448"/>
      </symbol>
      <symbol id="sm-952">
         <name>finddevice</name>
         <value>0x42f1</value>
         <object_component_ref idref="oc-4d9"/>
      </symbol>
      <symbol id="sm-953">
         <name>getdevice</name>
         <value>0x404d</value>
         <object_component_ref idref="oc-4b3"/>
      </symbol>
      <symbol id="sm-963">
         <name>strncpy</name>
         <value>0x41b9</value>
         <object_component_ref idref="oc-4d3"/>
      </symbol>
      <symbol id="sm-978">
         <name>close</name>
         <value>0x3c51</value>
         <object_component_ref idref="oc-484"/>
      </symbol>
      <symbol id="sm-988">
         <name>unlink</name>
         <value>0x4351</value>
         <object_component_ref idref="oc-48a"/>
      </symbol>
      <symbol id="sm-9b7">
         <name>IntRegister</name>
         <value>0x41f1</value>
         <object_component_ref idref="oc-153"/>
      </symbol>
      <symbol id="sm-9b8">
         <name>g_pfnRAMVectors</name>
         <value>0x20000000</value>
         <object_component_ref idref="oc-20a"/>
      </symbol>
      <symbol id="sm-9b9">
         <name>IntMasterEnable</name>
         <value>0x44ff</value>
         <object_component_ref idref="oc-159"/>
      </symbol>
      <symbol id="sm-9c3">
         <name>CPUcpsie</name>
         <value>0x452d</value>
         <object_component_ref idref="oc-214"/>
      </symbol>
      <symbol id="sm-9c4">
         <name>__TI_static_base__</name>
         <value>0x0</value>
      </symbol>
      <symbol id="sm-9c7">
         <name>__mpu_init</name>
         <value>0x0</value>
      </symbol>
      <symbol id="sm-9c8">
         <name>_system_post_cinit</name>
         <value>0x0</value>
      </symbol>
      <symbol id="sm-9c9">
         <name>remove</name>
         <value>0x4351</value>
      </symbol>
   </symbol_table>
   <title>Link successful</title>
</link_info>
