******************************************************************************
                  TI ARM Linker PC v20.2.7                     
******************************************************************************
>> Linked Mon Sep 14 18:42:40 2026

OUTPUT FILE NAME:   <lab_3.out>
ENTRY POINT SYMBOL: "_c_int00_noargs"  address: 00002771


MEMORY CONFIGURATION

         name            origin    length      used     unused   attr    fill
----------------------  --------  ---------  --------  --------  ----  --------
  FLASH                 00000000   00040000  00002a59  0003d5a7  R  X
  SRAM                  20000000   00008000  00000f02  000070fe  RW X


SEGMENT ALLOCATION MAP

run origin  load origin   length   init length attrs members
----------  ----------- ---------- ----------- ----- -------
00000000    00000000    00002a60   00002a60    r-x
  00000000    00000000    0000026c   0000026c    r-- .intvecs
  0000026c    0000026c    000026a4   000026a4    r-x .text
  00002910    00002910    00000109   00000109    r-- .const
  00002a20    00002a20    00000040   00000040    r-- .cinit
20000000    20000000    00000f06   00000000    rw-
  20000000    20000000    0000026c   00000000    rw- .vtable
  20000270    20000270    00000800   00000000    rw- .stack
  20000a70    20000a70    00000400   00000000    rw- .sysmem
  20000e70    20000e70    0000008c   00000000    rw- .bss
  20000efc    20000efc    0000000a   00000000    rw- .data


SECTION ALLOCATION MAP

 output                                  attributes/
section   page    origin      length       input sections
--------  ----  ----------  ----------   ----------------
.intvecs   0    00000000    0000026c     
                  00000000    0000026c     tm4c123gh6pm_startup_ccs.obj (.intvecs)

.text      0    0000026c    000026a4     
                  0000026c    00000a4e     rtsv7M4_T_le_v4SPD16_eabi.lib : _printfi.c.obj (.text:__TI_printfi)
                  00000cba    00000002                                   : div0.asm.obj (.text)
                  00000cbc    00000328     lcd.obj (.text)
                  00000fe4    00000270     rtsv7M4_T_le_v4SPD16_eabi.lib : _printfi.c.obj (.text:_pconv_a)
                  00001254    00000248     Timer.obj (.text)
                  0000149c    000001d0     rtsv7M4_T_le_v4SPD16_eabi.lib : _printfi.c.obj (.text:_pconv_g)
                  0000166c    000001b6                                   : fd_add_t2.asm.obj (.text)
                  00001822    00000002     --HOLE-- [fill = 0]
                  00001824    0000015c     libcybotUART.lib : uart.obj (.text)
                  00001980    0000013c     rtsv7M4_T_le_v4SPD16_eabi.lib : _printfi.c.obj (.text:_pconv_e)
                  00001abc    00000136                                   : fd_div_t2.asm.obj (.text)
                  00001bf2    00000002     --HOLE-- [fill = 0]
                  00001bf4    00000124                                   : _printfi.c.obj (.text:fcvt)
                  00001d18    00000110                                   : s_scalbn.c.obj (.text:scalbn)
                  00001e28    000000fc                                   : fd_mul_t2.asm.obj (.text)
                  00001f24    000000b1                                   : _printfi.c.obj (.text:_ltostr)
                  00001fd5    00000001     --HOLE-- [fill = 0]
                  00001fd6    0000009c                                   : memcpy_t2.asm.obj (.text)
                  00002072    00000096                                   : ull_div_t2.asm.obj (.text)
                  00002108    00000090     button.obj (.text)
                  00002198    00000090     lab3_template.obj (.text)
                  00002228    00000086     rtsv7M4_T_le_v4SPD16_eabi.lib : fd_cmp_t2.asm.obj (.text:__aeabi_cdcmple)
                  000022ae    00000086                                   : fd_cmp_t2.asm.obj (.text:__aeabi_cdrcmple)
                  00002334    0000007a                                   : memset_t2.asm.obj (.text)
                  000023ae    0000006e                                   : _printfi.c.obj (.text:_mcpy)
                  0000241c    00000068                                   : copy_decompress_lzss.c.obj (.text:decompress:lzss:__TI_decompress_lzss)
                  00002484    00000064                                   : s_frexp.c.obj (.text:frexp)
                  000024e8    00000056                                   : _printfi.c.obj (.text:_pconv_f)
                  0000253e    00000054                                   : _ltoa.c.obj (.text:__TI_ltoa)
                  00002592    00000052                                   : _printfi.c.obj (.text:_ecpy)
                  000025e4    0000004c                                   : atoi.c.obj (.text:atoi)
                  00002630    00000048                                   : fd_toi_t2.asm.obj (.text)
                  00002678    00000044                                   : autoinit.c.obj (.text:__TI_auto_init_nobinit_nopinit:__TI_auto_init_nobinit_nopinit)
                  000026bc    00000040                                   : vsnprintf.c.obj (.text:vsnprintf)
                  000026fc    0000003e                                   : _printfi.c.obj (.text:_fcpy)
                  0000273a    00000002     --HOLE-- [fill = 0]
                  0000273c    00000034     driverlib.lib : interrupt.obj (.text:IntRegister)
                  00002770    00000034     rtsv7M4_T_le_v4SPD16_eabi.lib : boot_cortex_m.c.obj (.text:_c_int00_noargs:_c_int00_noargs)
                  000027a4    00000030                                   : vsnprintf.c.obj (.text:_outs)
                  000027d4    0000002e                                   : i_tofd_t2.asm.obj (.text)
                  00002802    0000001c                                   : copy_zero_init.c.obj (.text:decompress:ZI:__TI_zero_init_nomemset:__TI_zero_init_nomemset)
                  0000281e    0000001c                                   : memccpy.c.obj (.text:memccpy)
                  0000283a    0000001a                                   : s_copysign.c.obj (.text:copysign)
                  00002854    00000018                                   : vsnprintf.c.obj (.text:_outc)
                  0000286c    00000018                                   : strcmp.c.obj (.text:strcmp)
                  00002884    00000016                                   : strchr.c.obj (.text:strchr)
                  0000289a    00000014                                   : strcpy.c.obj (.text:strcpy)
                  000028ae    00000014                                   : strlen.c.obj (.text:strlen)
                  000028c2    00000012                                   : wcslen.c.obj (.text:wcslen)
                  000028d4    00000010     lcd.obj (.text:lcd_clear)
                  000028e4    0000000e     rtsv7M4_T_le_v4SPD16_eabi.lib : copy_decompress_none.c.obj (.text:decompress:none:__TI_decompress_none)
                  000028f2    0000000c     tm4c123gh6pm_startup_ccs.obj (.text)
                  000028fe    00000002     --HOLE-- [fill = 0]
                  00002900    00000008     rtsv7M4_T_le_v4SPD16_eabi.lib : errno.c.obj (.text:__aeabi_errno_addr)
                  00002908    00000004                                   : pre_init.c.obj (.text:_system_pre_init)
                  0000290c    00000004                                   : exit.c.obj (.text:abort:abort)

.const     0    00002910    00000109     
                  00002910    00000101     rtsv7M4_T_le_v4SPD16_eabi.lib : ctype.c.obj (.const:.string:_ctypes_)
                  00002a11    00000004     lcd.obj (.const:.string:lineAddress$1)
                  00002a15    00000004     lcd.obj (.const:.string:lineAddresses$2)

.cinit     0    00002a20    00000040     
                  00002a20    0000000c     (__TI_handler_table)
                  00002a2c    00000004     --HOLE-- [fill = 0]
                  00002a30    00000008     (.cinit..bss.load) [load image, compression = zero_init]
                  00002a38    00000008     (.cinit..vtable.load) [load image, compression = zero_init]
                  00002a40    00000007     (.cinit..data.load) [load image, compression = lzss]
                  00002a47    00000001     --HOLE-- [fill = 0]
                  00002a48    00000018     (__TI_cinit_table)

.init_array 
*          0    00000000    00000000     UNINITIALIZED

.vtable    0    20000000    0000026c     UNINITIALIZED
                  20000000    0000026c     driverlib.lib : interrupt.obj (.vtable)

.stack     0    20000270    00000800     UNINITIALIZED
                  20000270    00000004     rtsv7M4_T_le_v4SPD16_eabi.lib : boot_cortex_m.c.obj (.stack)
                  20000274    000007fc     --HOLE--

.sysmem    0    20000a70    00000400     UNINITIALIZED
                  20000a70    00000010     rtsv7M4_T_le_v4SPD16_eabi.lib : memory.c.obj (.sysmem)
                  20000a80    000003f0     --HOLE--

.bss       0    20000e70    0000008c     UNINITIALIZED
                  20000e70    00000054     lcd.obj (.bss:lastbuffer$3)
                  20000ec4    00000034     (.common:isr_char_buffer)
                  20000ef8    00000004     (.common:_timeout_ticks)

.data      0    20000efc    0000000a     UNINITIALIZED
                  20000efc    00000004     libcybotUART.lib : uart.obj (.data)
                  20000f00    00000004     rtsv7M4_T_le_v4SPD16_eabi.lib : errno.c.obj (.data)
                  20000f04    00000001     Timer.obj (.data)
                  20000f05    00000001     button.obj (.data)

__llvm_prf_cnts 
*          0    20000000    00000000     UNINITIALIZED

MODULE SUMMARY

       Module                         code   ro data   rw data
       ------                         ----   -------   -------
    .\
       lcd.obj                        824    8         84     
       tm4c123gh6pm_startup_ccs.obj   12     620       0      
       Timer.obj                      584    0         5      
       button.obj                     144    0         1      
       lab3_template.obj              144    0         0      
    +--+------------------------------+------+---------+---------+
       Total:                         1708   628       90     
                                                              
    ../libcybotUART.lib
       uart.obj                       348    0         56     
    +--+------------------------------+------+---------+---------+
       Total:                         348    0         56     
                                                              
    C:/ti/TivaWare_C_Series-2.2.0.295/driverlib/ccs/Debug/driverlib.lib
       interrupt.obj                  52     0         620    
    +--+------------------------------+------+---------+---------+
       Total:                         52     0         620    
                                                              
    C:\ti\ccs1271\ccs\tools\compiler\ti-cgt-arm_20.2.7.LTS\lib\rtsv7M4_T_le_v4SPD16_eabi.lib
       _printfi.c.obj                 4851   0         0      
       fd_add_t2.asm.obj              438    0         0      
       fd_div_t2.asm.obj              310    0         0      
       s_scalbn.c.obj                 272    0         0      
       fd_cmp_t2.asm.obj              268    0         0      
       ctype.c.obj                    0      257       0      
       fd_mul_t2.asm.obj              252    0         0      
       memcpy_t2.asm.obj              156    0         0      
       ull_div_t2.asm.obj             150    0         0      
       vsnprintf.c.obj                136    0         0      
       memset_t2.asm.obj              122    0         0      
       copy_decompress_lzss.c.obj     104    0         0      
       s_frexp.c.obj                  100    0         0      
       _ltoa.c.obj                    84     0         0      
       atoi.c.obj                     76     0         0      
       fd_toi_t2.asm.obj              72     0         0      
       autoinit.c.obj                 68     0         0      
       boot_cortex_m.c.obj            52     0         0      
       i_tofd_t2.asm.obj              46     0         0      
       copy_zero_init.c.obj           28     0         0      
       memccpy.c.obj                  28     0         0      
       s_copysign.c.obj               26     0         0      
       strcmp.c.obj                   24     0         0      
       strchr.c.obj                   22     0         0      
       strcpy.c.obj                   20     0         0      
       strlen.c.obj                   20     0         0      
       wcslen.c.obj                   18     0         0      
       copy_decompress_none.c.obj     14     0         0      
       errno.c.obj                    8      0         4      
       exit.c.obj                     4      0         0      
       pre_init.c.obj                 4      0         0      
       div0.asm.obj                   2      0         0      
    +--+------------------------------+------+---------+---------+
       Total:                         7775   257       4      
                                                              
       Heap:                          0      0         1024   
       Stack:                         0      0         2048   
       Linker Generated:              0      59        0      
    +--+------------------------------+------+---------+---------+
       Grand Total:                   9883   944       3842   


LINKER GENERATED COPY TABLES

__TI_cinit_table @ 00002a48 records: 3, size/record: 8, table size: 24
	.bss: load addr=00002a30, load size=00000008 bytes, run addr=20000e70, run size=0000008c bytes, compression=zero_init
	.vtable: load addr=00002a38, load size=00000008 bytes, run addr=20000000, run size=0000026c bytes, compression=zero_init
	.data: load addr=00002a40, load size=00000007 bytes, run addr=20000efc, run size=0000000a bytes, compression=lzss


LINKER GENERATED HANDLER TABLE

__TI_handler_table @ 00002a20 records: 3, size/record: 4, table size: 12
	index: 0, handler: __TI_zero_init
	index: 1, handler: __TI_decompress_lzss
	index: 2, handler: __TI_decompress_none


GLOBAL SYMBOLS: SORTED ALPHABETICALLY BY Name 

address   name                          
-------   ----                          
0000290d  C$$EXIT                       
0000273d  IntRegister                   
000028f3  ResetISR                      
20000a70  __STACK_END                   
00000800  __STACK_SIZE                  
20000470  __STACK_TOP                   
00000400  __SYSMEM_SIZE                 
00002a48  __TI_CINIT_Base               
00002a60  __TI_CINIT_Limit              
00002a20  __TI_Handler_Table_Base       
00002a2c  __TI_Handler_Table_Limit      
00002679  __TI_auto_init_nobinit_nopinit
0000241d  __TI_decompress_lzss          
000028e5  __TI_decompress_none          
0000253f  __TI_ltoa                     
ffffffff  __TI_pprof_out_hndl           
0000026d  __TI_printfi                  
ffffffff  __TI_prof_data_size           
ffffffff  __TI_prof_data_start          
00000000  __TI_static_base__            
00002803  __TI_zero_init_nomemset       
00002229  __aeabi_cdcmpeq               
00002229  __aeabi_cdcmple               
000022af  __aeabi_cdrcmple              
00002631  __aeabi_d2iz                  
00001677  __aeabi_dadd                  
00001abd  __aeabi_ddiv                  
00001e29  __aeabi_dmul                  
0000166d  __aeabi_dsub                  
00002901  __aeabi_errno_addr            
000027d5  __aeabi_i2d                   
00000cbb  __aeabi_idiv0                 
00000cbb  __aeabi_ldiv0                 
00002335  __aeabi_memclr                
00002335  __aeabi_memclr4               
00002335  __aeabi_memclr8               
00001fd7  __aeabi_memcpy                
00001fd7  __aeabi_memcpy4               
00001fd7  __aeabi_memcpy8               
00002337  __aeabi_memset                
00002337  __aeabi_memset4               
00002337  __aeabi_memset8               
00002073  __aeabi_uldivmod              
ffffffff  __binit__                     
ffffffff  __c_args__                    
UNDEFED   __mpu_init                    
20000270  __stack                       
20000000  __start___llvm_prf_cnts       
20000000  __stop___llvm_prf_cnts        
00002771  _c_int00_noargs               
00002910  _ctypes_                      
20000f04  _running                      
20000a70  _sys_memory                   
UNDEFED   _system_post_cinit            
00002909  _system_pre_init              
20000ef8  _timeout_ticks                
0000290d  abort                         
000025e5  atoi                          
ffffffff  binit                         
0000213b  button_getButton              
00002109  button_init                   
0000283b  copysign                      
0000283b  copysignl                     
0000192d  cyBot_UART1_Handler           
00001913  cyBot_getByte                 
00001825  cyBot_sendByte                
000018f5  cyBot_uart_flush              
00001863  cyBot_uart_init               
0000184b  cyBot_uart_sendBuffer         
00001831  cyBot_uart_sendStr            
20000f00  errno                         
00002485  frexp                         
00002485  frexpl                        
20000000  g_pfnRAMVectors               
00000000  g_pfnVectors                  
20000ec4  isr_char_buffer               
20000efc  isr_counter                   
000028d5  lcd_clear                     
00000e91  lcd_gotoLine                  
00000cf9  lcd_init                      
00000ef7  lcd_printf                    
00000db9  lcd_putc                      
00000df1  lcd_puts                      
00000cbd  lcd_reverseNibble             
00000e0f  lcd_sendCommand               
00000e4d  lcd_sendNibble                
00000eb9  lcd_setCursorPos              
00001d19  ldexp                         
00001d19  ldexpl                        
00002199  main                          
0000281f  memccpy                       
00001fd7  memcpy                        
0000233d  memset                        
00001d19  scalbn                        
00001d19  scalbnl                       
00002885  strchr                        
0000286d  strcmp                        
0000289b  strcpy                        
000028af  strlen                        
00001373  timer_getMicros               
0000131b  timer_getMillis               
00001255  timer_init                    
000012f7  timer_pause                   
00001309  timer_resume                  
000012cd  timer_stop                    
000013cd  timer_waitMicros              
000013ff  timer_waitMillis              
000026bd  vsnprintf                     
000028c3  wcslen                        


GLOBAL SYMBOLS: SORTED BY Symbol Address 

address   name                          
-------   ----                          
00000000  __TI_static_base__            
00000000  g_pfnVectors                  
0000026d  __TI_printfi                  
00000400  __SYSMEM_SIZE                 
00000800  __STACK_SIZE                  
00000cbb  __aeabi_idiv0                 
00000cbb  __aeabi_ldiv0                 
00000cbd  lcd_reverseNibble             
00000cf9  lcd_init                      
00000db9  lcd_putc                      
00000df1  lcd_puts                      
00000e0f  lcd_sendCommand               
00000e4d  lcd_sendNibble                
00000e91  lcd_gotoLine                  
00000eb9  lcd_setCursorPos              
00000ef7  lcd_printf                    
00001255  timer_init                    
000012cd  timer_stop                    
000012f7  timer_pause                   
00001309  timer_resume                  
0000131b  timer_getMillis               
00001373  timer_getMicros               
000013cd  timer_waitMicros              
000013ff  timer_waitMillis              
0000166d  __aeabi_dsub                  
00001677  __aeabi_dadd                  
00001825  cyBot_sendByte                
00001831  cyBot_uart_sendStr            
0000184b  cyBot_uart_sendBuffer         
00001863  cyBot_uart_init               
000018f5  cyBot_uart_flush              
00001913  cyBot_getByte                 
0000192d  cyBot_UART1_Handler           
00001abd  __aeabi_ddiv                  
00001d19  ldexp                         
00001d19  ldexpl                        
00001d19  scalbn                        
00001d19  scalbnl                       
00001e29  __aeabi_dmul                  
00001fd7  __aeabi_memcpy                
00001fd7  __aeabi_memcpy4               
00001fd7  __aeabi_memcpy8               
00001fd7  memcpy                        
00002073  __aeabi_uldivmod              
00002109  button_init                   
0000213b  button_getButton              
00002199  main                          
00002229  __aeabi_cdcmpeq               
00002229  __aeabi_cdcmple               
000022af  __aeabi_cdrcmple              
00002335  __aeabi_memclr                
00002335  __aeabi_memclr4               
00002335  __aeabi_memclr8               
00002337  __aeabi_memset                
00002337  __aeabi_memset4               
00002337  __aeabi_memset8               
0000233d  memset                        
0000241d  __TI_decompress_lzss          
00002485  frexp                         
00002485  frexpl                        
0000253f  __TI_ltoa                     
000025e5  atoi                          
00002631  __aeabi_d2iz                  
00002679  __TI_auto_init_nobinit_nopinit
000026bd  vsnprintf                     
0000273d  IntRegister                   
00002771  _c_int00_noargs               
000027d5  __aeabi_i2d                   
00002803  __TI_zero_init_nomemset       
0000281f  memccpy                       
0000283b  copysign                      
0000283b  copysignl                     
0000286d  strcmp                        
00002885  strchr                        
0000289b  strcpy                        
000028af  strlen                        
000028c3  wcslen                        
000028d5  lcd_clear                     
000028e5  __TI_decompress_none          
000028f3  ResetISR                      
00002901  __aeabi_errno_addr            
00002909  _system_pre_init              
0000290d  C$$EXIT                       
0000290d  abort                         
00002910  _ctypes_                      
00002a20  __TI_Handler_Table_Base       
00002a2c  __TI_Handler_Table_Limit      
00002a48  __TI_CINIT_Base               
00002a60  __TI_CINIT_Limit              
20000000  __start___llvm_prf_cnts       
20000000  __stop___llvm_prf_cnts        
20000000  g_pfnRAMVectors               
20000270  __stack                       
20000470  __STACK_TOP                   
20000a70  __STACK_END                   
20000a70  _sys_memory                   
20000ec4  isr_char_buffer               
20000ef8  _timeout_ticks                
20000efc  isr_counter                   
20000f00  errno                         
20000f04  _running                      
ffffffff  __TI_pprof_out_hndl           
ffffffff  __TI_prof_data_size           
ffffffff  __TI_prof_data_start          
ffffffff  __binit__                     
ffffffff  __c_args__                    
ffffffff  binit                         
UNDEFED   __mpu_init                    
UNDEFED   _system_post_cinit            

[109 symbols]
