******************************************************************************
                  TI ARM Linker PC v20.2.7                     
******************************************************************************
>> Linked Thu Sep  3 13:26:52 2026

OUTPUT FILE NAME:   <lab_2.out>
ENTRY POINT SYMBOL: "_c_int00_noargs"  address: 00001ad5


MEMORY CONFIGURATION

         name            origin    length      used     unused   attr    fill
----------------------  --------  ---------  --------  --------  ----  --------
  FLASH                 00000000   00040000  00001c9d  0003e363  R  X
  SRAM                  20000000   00008000  00000eb9  00007147  RW X


SEGMENT ALLOCATION MAP

run origin  load origin   length   init length attrs members
----------  ----------- ---------- ----------- ----- -------
00000000    00000000    00001ca0   00001ca0    r-x
  00000000    00000000    0000026c   0000026c    r-- .intvecs
  0000026c    0000026c    000019d2   000019d2    r-x .text
  00001c3e    00001c3e    0000000f   0000000f    r-- .const
  00001c50    00001c50    00000050   00000050    r-- .cinit
20000000    20000000    00000ec0   00000000    rw-
  20000000    20000000    0000026c   00000000    rw- .vtable
  20000270    20000270    00000800   00000000    rw- .stack
  20000a70    20000a70    00000400   00000000    rw- .sysmem
  20000e70    20000e70    00000031   00000000    rw- .data
  20000ea4    20000ea4    0000001c   00000000    rw- .bss


SECTION ALLOCATION MAP

 output                                  attributes/
section   page    origin      length       input sections
--------  ----  ----------  ----------   ----------------
.intvecs   0    00000000    0000026c     
                  00000000    0000026c     tm4c123gh6pm_startup_ccs.obj (.intvecs)

.text      0    0000026c    000019d2     
                  0000026c    00000c20     open_interface.obj (.text)
                  00000e8c    00000248     Timer.obj (.text)
                  000010d4    000001b6     rtsv7M4_T_le_v4SPD16_eabi.lib : fd_add_t2.asm.obj (.text)
                  0000128a    00000136                                   : fd_div_t2.asm.obj (.text)
                  000013c0    00000100                                   : memory.c.obj (.text:aligned_alloc)
                  000014c0    000000fc                                   : fd_mul_t2.asm.obj (.text)
                  000015bc    000000e4                                   : memory.c.obj (.text:free)
                  000016a0    0000009c                                   : memcpy_t2.asm.obj (.text)
                  0000173c    00000086                                   : fd_cmp_t2.asm.obj (.text:__aeabi_cdcmple)
                  000017c2    0000007a                                   : memset_t2.asm.obj (.text)
                  0000183c    00000070                                   : memory.c.obj (.text:split)
                  000018ac    0000006e                                   : fd_tos_t2.asm.obj (.text)
                  0000191a    00000068                                   : copy_decompress_lzss.c.obj (.text:decompress:lzss:__TI_decompress_lzss)
                  00001982    00000002                                   : _lock.c.obj (.text:_nop)
                  00001984    00000068     movement.obj (.text)
                  000019ec    00000044     rtsv7M4_T_le_v4SPD16_eabi.lib : autoinit.c.obj (.text:__TI_auto_init_nobinit_nopinit:__TI_auto_init_nobinit_nopinit)
                  00001a30    00000038                                   : memory.c.obj (.text:calloc)
                  00001a68    00000038                                   : fs_tod_t2.asm.obj (.text)
                  00001aa0    00000034     driverlib.lib : interrupt.obj (.text:IntRegister)
                  00001ad4    00000034     rtsv7M4_T_le_v4SPD16_eabi.lib : boot_cortex_m.c.obj (.text:_c_int00_noargs:_c_int00_noargs)
                  00001b08    00000032     main.obj (.text)
                  00001b3a    0000002e     rtsv7M4_T_le_v4SPD16_eabi.lib : i_tofd_t2.asm.obj (.text)
                  00001b68    00000028                                   : memory.c.obj (.text:free_list_insert)
                  00001b90    0000001c                                   : copy_zero_init.c.obj (.text:decompress:ZI:__TI_zero_init_nomemset:__TI_zero_init_nomemset)
                  00001bac    0000001c                                   : memory.c.obj (.text:free_list_remove)
                  00001bc8    00000018     open_interface.obj (.text:oi_parseInt)
                  00001be0    00000018     rtsv7M4_T_le_v4SPD16_eabi.lib : strcmp.c.obj (.text:strcmp)
                  00001bf8    00000010     driverlib.lib : interrupt.obj (.text:IntMasterEnable)
                  00001c08    0000000e     rtsv7M4_T_le_v4SPD16_eabi.lib : copy_decompress_none.c.obj (.text:decompress:none:__TI_decompress_none)
                  00001c16    0000000c     driverlib.lib : cpu.obj (.text:CPUcpsie)
                  00001c22    0000000c     tm4c123gh6pm_startup_ccs.obj (.text)
                  00001c2e    00000008     rtsv7M4_T_le_v4SPD16_eabi.lib : memory.c.obj (.text:malloc)
                  00001c36    00000004                                   : pre_init.c.obj (.text:_system_pre_init)
                  00001c3a    00000004                                   : exit.c.obj (.text:abort:abort)

.const     0    00001c3e    0000000f     
                  00001c3e    0000000f     open_interface.obj (.const:.string:$P$T0$3)

.cinit     0    00001c50    00000050     
                  00001c50    00000018     (.cinit..data.load) [load image, compression = lzss]
                  00001c68    0000000c     (__TI_handler_table)
                  00001c74    00000004     --HOLE-- [fill = 0]
                  00001c78    00000008     (.cinit..bss.load) [load image, compression = zero_init]
                  00001c80    00000008     (.cinit..vtable.load) [load image, compression = zero_init]
                  00001c88    00000018     (__TI_cinit_table)

.init_array 
*          0    00000000    00000000     UNINITIALIZED

.vtable    0    20000000    0000026c     UNINITIALIZED
                  20000000    0000026c     driverlib.lib : interrupt.obj (.vtable)

.stack     0    20000270    00000800     UNINITIALIZED
                  20000270    00000004     rtsv7M4_T_le_v4SPD16_eabi.lib : boot_cortex_m.c.obj (.stack)
                  20000274    000007fc     --HOLE--

.sysmem    0    20000a70    00000400     UNINITIALIZED
                  20000a70    00000010     rtsv7M4_T_le_v4SPD16_eabi.lib : memory.c.obj (.sysmem)
                  20000a80    000003f0     --HOLE--

.data      0    20000e70    00000031     UNINITIALIZED
                  20000e70    00000020     open_interface.obj (.data)
                  20000e90    00000008     rtsv7M4_T_le_v4SPD16_eabi.lib : _lock.c.obj (.data:$O1$$)
                  20000e98    00000008                                   : memory.c.obj (.data:$O1$$)
                  20000ea0    00000001     Timer.obj (.data)

.bss       0    20000ea4    0000001c     UNINITIALIZED
                  20000ea4    00000018     open_interface.obj (.bss:firmware$2)
                  20000ebc    00000004     (.common:_timeout_ticks)

__llvm_prf_cnts 
*          0    20000000    00000000     UNINITIALIZED

MODULE SUMMARY

       Module                         code   ro data   rw data
       ------                         ----   -------   -------
    .\
       open_interface.obj             3128   15        56     
       tm4c123gh6pm_startup_ccs.obj   12     620       0      
       Timer.obj                      584    0         5      
       movement.obj                   104    0         0      
       main.obj                       50     0         0      
    +--+------------------------------+------+---------+---------+
       Total:                         3878   635       61     
                                                              
    C:/ti/TivaWare_C_Series-2.2.0.295/driverlib/ccs/Debug/driverlib.lib
       interrupt.obj                  68     0         620    
       cpu.obj                        12     0         0      
    +--+------------------------------+------+---------+---------+
       Total:                         80     0         620    
                                                              
    C:\ti\ccs1271\ccs\tools\compiler\ti-cgt-arm_20.2.7.LTS\lib\rtsv7M4_T_le_v4SPD16_eabi.lib
       memory.c.obj                   728    0         8      
       fd_add_t2.asm.obj              438    0         0      
       fd_div_t2.asm.obj              310    0         0      
       fd_mul_t2.asm.obj              252    0         0      
       memcpy_t2.asm.obj              156    0         0      
       fd_cmp_t2.asm.obj              134    0         0      
       memset_t2.asm.obj              122    0         0      
       fd_tos_t2.asm.obj              110    0         0      
       copy_decompress_lzss.c.obj     104    0         0      
       autoinit.c.obj                 68     0         0      
       fs_tod_t2.asm.obj              56     0         0      
       boot_cortex_m.c.obj            52     0         0      
       i_tofd_t2.asm.obj              46     0         0      
       copy_zero_init.c.obj           28     0         0      
       strcmp.c.obj                   24     0         0      
       copy_decompress_none.c.obj     14     0         0      
       _lock.c.obj                    2      0         8      
       exit.c.obj                     4      0         0      
       pre_init.c.obj                 4      0         0      
    +--+------------------------------+------+---------+---------+
       Total:                         2652   0         16     
                                                              
       Heap:                          0      0         1024   
       Stack:                         0      0         2048   
       Linker Generated:              0      76        0      
    +--+------------------------------+------+---------+---------+
       Grand Total:                   6610   711       3769   


LINKER GENERATED COPY TABLES

__TI_cinit_table @ 00001c88 records: 3, size/record: 8, table size: 24
	.data: load addr=00001c50, load size=00000018 bytes, run addr=20000e70, run size=00000031 bytes, compression=lzss
	.bss: load addr=00001c78, load size=00000008 bytes, run addr=20000ea4, run size=0000001c bytes, compression=zero_init
	.vtable: load addr=00001c80, load size=00000008 bytes, run addr=20000000, run size=0000026c bytes, compression=zero_init


LINKER GENERATED HANDLER TABLE

__TI_handler_table @ 00001c68 records: 3, size/record: 4, table size: 12
	index: 0, handler: __TI_zero_init
	index: 1, handler: __TI_decompress_lzss
	index: 2, handler: __TI_decompress_none


GLOBAL SYMBOLS: SORTED ALPHABETICALLY BY Name 

address   name                          
-------   ----                          
00001c3b  C$$EXIT                       
00001c17  CPUcpsie                      
00000bc3  GPIOF_Handler                 
00001bf9  IntMasterEnable               
00001aa1  IntRegister                   
00001c23  ResetISR                      
20000a70  __STACK_END                   
00000800  __STACK_SIZE                  
20000470  __STACK_TOP                   
00000400  __SYSMEM_SIZE                 
00001c88  __TI_CINIT_Base               
00001ca0  __TI_CINIT_Limit              
00001c68  __TI_Handler_Table_Base       
00001c74  __TI_Handler_Table_Limit      
000019ed  __TI_auto_init_nobinit_nopinit
0000191b  __TI_decompress_lzss          
00001c09  __TI_decompress_none          
ffffffff  __TI_pprof_out_hndl           
ffffffff  __TI_prof_data_size           
ffffffff  __TI_prof_data_start          
00000000  __TI_static_base__            
00001b91  __TI_zero_init_nomemset       
0000173d  __aeabi_cdcmpeq               
0000173d  __aeabi_cdcmple               
000018ad  __aeabi_d2f                   
000010df  __aeabi_dadd                  
0000128b  __aeabi_ddiv                  
000014c1  __aeabi_dmul                  
000010d5  __aeabi_dsub                  
00001a69  __aeabi_f2d                   
00001b3b  __aeabi_i2d                   
000017c3  __aeabi_memclr                
000017c3  __aeabi_memclr4               
000017c3  __aeabi_memclr8               
000016a1  __aeabi_memcpy                
000016a1  __aeabi_memcpy4               
000016a1  __aeabi_memcpy8               
000017c5  __aeabi_memset                
000017c5  __aeabi_memset4               
000017c5  __aeabi_memset8               
ffffffff  __binit__                     
ffffffff  __c_args__                    
UNDEFED   __mpu_init                    
20000270  __stack                       
20000000  __start___llvm_prf_cnts       
20000000  __stop___llvm_prf_cnts        
00001ad5  _c_int00_noargs               
20000e90  _lock                         
00001983  _nop                          
20000ea0  _running                      
20000a70  _sys_memory                   
UNDEFED   _system_post_cinit            
00001c37  _system_pre_init              
20000ebc  _timeout_ticks                
20000e94  _unlock                       
00001c3b  abort                         
000013c1  aligned_alloc                 
ffffffff  binit                         
00001a31  calloc                        
000015bd  free                          
20000000  g_pfnRAMVectors               
00000000  g_pfnVectors                  
0000097f  go_charge                     
00001b09  main                          
00001c2f  malloc                        
000013c1  memalign                      
000016a1  memcpy                        
000017cb  memset                        
20000e70  motor_cal_factor_L            
20000e74  motor_cal_factor_R            
00001985  move_forward                  
0000026d  oi_alloc                      
00000aa9  oi_checkFirmware              
000002c7  oi_close                      
00000279  oi_free                       
00000ded  oi_getMotorCalibrationLeft    
00000e01  oi_getMotorCalibrationRight   
000002b1  oi_init                       
00000289  oi_init_noupdate              
00000915  oi_loadSong                   
00001bc9  oi_parseInt                   
0000032b  oi_parsePacket                
0000096b  oi_play_song                  
0000084b  oi_setLeds                    
00000db1  oi_setMotorCalibration        
0000088f  oi_setWheels                  
00000b51  oi_shutoff_init               
0000098d  oi_uartInit                   
00000a31  oi_uartReceive                
00000a77  oi_uartSendBuff               
00000a15  oi_uartSendChar               
00000a59  oi_uartSendStr                
000002d9  oi_update                     
00001be1  strcmp                        
00000fab  timer_getMicros               
00000f53  timer_getMillis               
00000e8d  timer_init                    
00000f2f  timer_pause                   
00000f41  timer_resume                  
00000f05  timer_stop                    
00001005  timer_waitMicros              
00001037  timer_waitMillis              


GLOBAL SYMBOLS: SORTED BY Symbol Address 

address   name                          
-------   ----                          
00000000  __TI_static_base__            
00000000  g_pfnVectors                  
0000026d  oi_alloc                      
00000279  oi_free                       
00000289  oi_init_noupdate              
000002b1  oi_init                       
000002c7  oi_close                      
000002d9  oi_update                     
0000032b  oi_parsePacket                
00000400  __SYSMEM_SIZE                 
00000800  __STACK_SIZE                  
0000084b  oi_setLeds                    
0000088f  oi_setWheels                  
00000915  oi_loadSong                   
0000096b  oi_play_song                  
0000097f  go_charge                     
0000098d  oi_uartInit                   
00000a15  oi_uartSendChar               
00000a31  oi_uartReceive                
00000a59  oi_uartSendStr                
00000a77  oi_uartSendBuff               
00000aa9  oi_checkFirmware              
00000b51  oi_shutoff_init               
00000bc3  GPIOF_Handler                 
00000db1  oi_setMotorCalibration        
00000ded  oi_getMotorCalibrationLeft    
00000e01  oi_getMotorCalibrationRight   
00000e8d  timer_init                    
00000f05  timer_stop                    
00000f2f  timer_pause                   
00000f41  timer_resume                  
00000f53  timer_getMillis               
00000fab  timer_getMicros               
00001005  timer_waitMicros              
00001037  timer_waitMillis              
000010d5  __aeabi_dsub                  
000010df  __aeabi_dadd                  
0000128b  __aeabi_ddiv                  
000013c1  aligned_alloc                 
000013c1  memalign                      
000014c1  __aeabi_dmul                  
000015bd  free                          
000016a1  __aeabi_memcpy                
000016a1  __aeabi_memcpy4               
000016a1  __aeabi_memcpy8               
000016a1  memcpy                        
0000173d  __aeabi_cdcmpeq               
0000173d  __aeabi_cdcmple               
000017c3  __aeabi_memclr                
000017c3  __aeabi_memclr4               
000017c3  __aeabi_memclr8               
000017c5  __aeabi_memset                
000017c5  __aeabi_memset4               
000017c5  __aeabi_memset8               
000017cb  memset                        
000018ad  __aeabi_d2f                   
0000191b  __TI_decompress_lzss          
00001983  _nop                          
00001985  move_forward                  
000019ed  __TI_auto_init_nobinit_nopinit
00001a31  calloc                        
00001a69  __aeabi_f2d                   
00001aa1  IntRegister                   
00001ad5  _c_int00_noargs               
00001b09  main                          
00001b3b  __aeabi_i2d                   
00001b91  __TI_zero_init_nomemset       
00001bc9  oi_parseInt                   
00001be1  strcmp                        
00001bf9  IntMasterEnable               
00001c09  __TI_decompress_none          
00001c17  CPUcpsie                      
00001c23  ResetISR                      
00001c2f  malloc                        
00001c37  _system_pre_init              
00001c3b  C$$EXIT                       
00001c3b  abort                         
00001c68  __TI_Handler_Table_Base       
00001c74  __TI_Handler_Table_Limit      
00001c88  __TI_CINIT_Base               
00001ca0  __TI_CINIT_Limit              
20000000  __start___llvm_prf_cnts       
20000000  __stop___llvm_prf_cnts        
20000000  g_pfnRAMVectors               
20000270  __stack                       
20000470  __STACK_TOP                   
20000a70  __STACK_END                   
20000a70  _sys_memory                   
20000e70  motor_cal_factor_L            
20000e74  motor_cal_factor_R            
20000e90  _lock                         
20000e94  _unlock                       
20000ea0  _running                      
20000ebc  _timeout_ticks                
ffffffff  __TI_pprof_out_hndl           
ffffffff  __TI_prof_data_size           
ffffffff  __TI_prof_data_start          
ffffffff  __binit__                     
ffffffff  __c_args__                    
ffffffff  binit                         
UNDEFED   __mpu_init                    
UNDEFED   _system_post_cinit            

[102 symbols]
